Archive member included to satisfy reference by file (symbol)

c:/users/tobias/appdata/roaming/gnu mcu eclipse/risc-v embedded gcc/8.1.0-2-20181019-0952/bin/../lib/gcc/riscv-none-embed/8.1.0/rv32im/ilp32\libgcc.a(_clzsi2.o)
                              ./libfixmath/fix16.o (__clzsi2)
c:/users/tobias/appdata/roaming/gnu mcu eclipse/risc-v embedded gcc/8.1.0-2-20181019-0952/bin/../lib/gcc/riscv-none-embed/8.1.0/rv32im/ilp32\libgcc.a(_divdi3.o)
                              ./libfixmath/fix16_exp.o (__divdi3)
c:/users/tobias/appdata/roaming/gnu mcu eclipse/risc-v embedded gcc/8.1.0-2-20181019-0952/bin/../lib/gcc/riscv-none-embed/8.1.0/rv32im/ilp32\libgcc.a(_clz.o)
                              c:/users/tobias/appdata/roaming/gnu mcu eclipse/risc-v embedded gcc/8.1.0-2-20181019-0952/bin/../lib/gcc/riscv-none-embed/8.1.0/rv32im/ilp32\libgcc.a(_clzsi2.o) (__clz_tab)
c:/users/tobias/appdata/roaming/gnu mcu eclipse/risc-v embedded gcc/8.1.0-2-20181019-0952/bin/../lib/gcc/riscv-none-embed/8.1.0/../../../../riscv-none-embed/lib/rv32im/ilp32\libg.a(lib_a-strcpy.o)
                              ./Drivers/Keyboard.o (strcpy)

Discarded input sections

 .text          0x0000000000000000        0x0 ./libfixmath/fix16.o
 .data          0x0000000000000000        0x0 ./libfixmath/fix16.o
 .bss           0x0000000000000000        0x0 ./libfixmath/fix16.o
 .text.fix16_add
                0x0000000000000000       0x20 ./libfixmath/fix16.o
 .text.fix16_sub
                0x0000000000000000       0x20 ./libfixmath/fix16.o
 .text.fix16_sadd
                0x0000000000000000       0x38 ./libfixmath/fix16.o
 .text.fix16_ssub
                0x0000000000000000       0x38 ./libfixmath/fix16.o
 .text.fix16_mul
                0x0000000000000000       0x58 ./libfixmath/fix16.o
 .text.fix16_smul
                0x0000000000000000       0x50 ./libfixmath/fix16.o
 .text.fix16_div
                0x0000000000000000      0x140 ./libfixmath/fix16.o
 .text.fix16_sdiv
                0x0000000000000000       0x50 ./libfixmath/fix16.o
 .text.fix16_lerp8
                0x0000000000000000       0x38 ./libfixmath/fix16.o
 .text.fix16_lerp16
                0x0000000000000000       0x38 ./libfixmath/fix16.o
 .text.fix16_lerp32
                0x0000000000000000       0x28 ./libfixmath/fix16.o
 .comment       0x0000000000000000       0x3a ./libfixmath/fix16.o
 .text          0x0000000000000000        0x0 ./libfixmath/fix16_exp.o
 .data          0x0000000000000000        0x0 ./libfixmath/fix16_exp.o
 .bss           0x0000000000000000        0x0 ./libfixmath/fix16_exp.o
 .text.fix16_exp
                0x0000000000000000      0x190 ./libfixmath/fix16_exp.o
 .bss._fix16_exp_cache_index
                0x0000000000000000     0x4000 ./libfixmath/fix16_exp.o
 .bss._fix16_exp_cache_value
                0x0000000000000000     0x4000 ./libfixmath/fix16_exp.o
 .comment       0x0000000000000000       0x3a ./libfixmath/fix16_exp.o
 .text          0x0000000000000000        0x0 ./libfixmath/fix16_sqrt.o
 .data          0x0000000000000000        0x0 ./libfixmath/fix16_sqrt.o
 .bss           0x0000000000000000        0x0 ./libfixmath/fix16_sqrt.o
 .text.fix16_sqrt
                0x0000000000000000       0xb8 ./libfixmath/fix16_sqrt.o
 .comment       0x0000000000000000       0x3a ./libfixmath/fix16_sqrt.o
 .text          0x0000000000000000        0x0 ./libfixmath/fix16_trig.o
 .data          0x0000000000000000        0x0 ./libfixmath/fix16_trig.o
 .bss           0x0000000000000000        0x0 ./libfixmath/fix16_trig.o
 .text.fix16_sin_parabola
                0x0000000000000000       0xa8 ./libfixmath/fix16_trig.o
 .text.fix16_sin
                0x0000000000000000      0x15c ./libfixmath/fix16_trig.o
 .text.fix16_cos
                0x0000000000000000       0x14 ./libfixmath/fix16_trig.o
 .text.fix16_tan
                0x0000000000000000       0x4c ./libfixmath/fix16_trig.o
 .text.fix16_atan2
                0x0000000000000000      0x1c4 ./libfixmath/fix16_trig.o
 .text.fix16_atan
                0x0000000000000000        0xc ./libfixmath/fix16_trig.o
 .text.fix16_asin
                0x0000000000000000       0x7c ./libfixmath/fix16_trig.o
 .text.fix16_acos
                0x0000000000000000       0x28 ./libfixmath/fix16_trig.o
 .bss._fix16_atan_cache_index
                0x0000000000000000     0x8000 ./libfixmath/fix16_trig.o
 .bss._fix16_atan_cache_value
                0x0000000000000000     0x4000 ./libfixmath/fix16_trig.o
 .bss._fix16_sin_cache_index
                0x0000000000000000     0x4000 ./libfixmath/fix16_trig.o
 .bss._fix16_sin_cache_value
                0x0000000000000000     0x4000 ./libfixmath/fix16_trig.o
 .comment       0x0000000000000000       0x3a ./libfixmath/fix16_trig.o
 .text          0x0000000000000000        0x0 ./libfixmath/fract32.o
 .data          0x0000000000000000        0x0 ./libfixmath/fract32.o
 .bss           0x0000000000000000        0x0 ./libfixmath/fract32.o
 .text.fract32_create
                0x0000000000000000       0x24 ./libfixmath/fract32.o
 .text.fract32_invert
                0x0000000000000000        0x8 ./libfixmath/fract32.o
 .text.fract32_usmul
                0x0000000000000000        0x8 ./libfixmath/fract32.o
 .text.fract32_smul
                0x0000000000000000       0x1c ./libfixmath/fract32.o
 .comment       0x0000000000000000       0x3a ./libfixmath/fract32.o
 .text          0x0000000000000000        0x0 ./libfixmath/uint32.o
 .data          0x0000000000000000        0x0 ./libfixmath/uint32.o
 .bss           0x0000000000000000        0x0 ./libfixmath/uint32.o
 .text.uint32_log2
                0x0000000000000000       0x64 ./libfixmath/uint32.o
 .comment       0x0000000000000000       0x3a ./libfixmath/uint32.o
 .text          0x0000000000000000        0x0 ./Drivers/Keyboard.o
 .data          0x0000000000000000        0x0 ./Drivers/Keyboard.o
 .bss           0x0000000000000000        0x0 ./Drivers/Keyboard.o
 .text.get_multi_byte_make_code_index
                0x0000000000000000       0x2c ./Drivers/Keyboard.o
 .text.get_single_byte_make_code_index
                0x0000000000000000       0x2c ./Drivers/Keyboard.o
 .text.get_next_state
                0x0000000000000000      0x144 ./Drivers/Keyboard.o
 .text.Keyboard_Decode
                0x0000000000000000       0xd0 ./Drivers/Keyboard.o
 .text.Keyboard_SetRate
                0x0000000000000000       0x5c ./Drivers/Keyboard.o
 .text.Keyboard_TranslateCode
                0x0000000000000000       0x80 ./Drivers/Keyboard.o
 .text.Keyboard_Reset
                0x0000000000000000       0x60 ./Drivers/Keyboard.o
 .data.ascii_codes
                0x0000000000000000       0x66 ./Drivers/Keyboard.o
 .data.key_table
                0x0000000000000000      0x198 ./Drivers/Keyboard.o
 .data.multi_byte_make_code
                0x0000000000000000       0x66 ./Drivers/Keyboard.o
 .data.single_byte_make_code
                0x0000000000000000       0x66 ./Drivers/Keyboard.o
 .rodata.str1.4
                0x0000000000000000      0x236 ./Drivers/Keyboard.o
 .sbss.state.2086
                0x0000000000000000        0x4 ./Drivers/Keyboard.o
 .comment       0x0000000000000000       0x3a ./Drivers/Keyboard.o
 .text          0x0000000000000000        0x0 ./Drivers/PS2.o
 .data          0x0000000000000000        0x0 ./Drivers/PS2.o
 .bss           0x0000000000000000        0x0 ./Drivers/PS2.o
 .text.PS2_EnableInterrupts
                0x0000000000000000       0x10 ./Drivers/PS2.o
 .text.PS2_DisableInterrupts
                0x0000000000000000       0x10 ./Drivers/PS2.o
 .text.PS2_WriteByte
                0x0000000000000000       0x20 ./Drivers/PS2.o
 .text.PS2_ReadByteTimeout
                0x0000000000000000       0x44 ./Drivers/PS2.o
 .text.PS2_WaitAck
                0x0000000000000000       0x5c ./Drivers/PS2.o
 .text.PS2_WriteByteWithAck
                0x0000000000000000       0x34 ./Drivers/PS2.o
 .text.PS2_Init
                0x0000000000000000       0xc0 ./Drivers/PS2.o
 .text.PS2_ReadByte
                0x0000000000000000       0x20 ./Drivers/PS2.o
 .text.PS2_ClearFifo
                0x0000000000000000       0x10 ./Drivers/PS2.o
 .text.PS2_ReadByter
                0x0000000000000000       0x64 ./Drivers/PS2.o
 .text.PS2_WriteBytes
                0x0000000000000000       0x30 ./Drivers/PS2.o
 .comment       0x0000000000000000       0x3a ./Drivers/PS2.o
 .text          0x0000000000000000        0x0 ./main.o
 .data          0x0000000000000000        0x0 ./main.o
 .bss           0x0000000000000000        0x0 ./main.o
 .text.fillScreenTest
                0x0000000000000000       0x98 ./main.o
 .text.keyboardTest
                0x0000000000000000      0x158 ./main.o
 .text.fiboLeds
                0x0000000000000000       0x54 ./main.o
 .text.dualCoreTest
                0x0000000000000000       0xa4 ./main.o
 .text.mandelbrot
                0x0000000000000000      0x21c ./main.o
 .text.interactiveMandelbrot
                0x0000000000000000      0x1bc ./main.o
 .text.mandelbrot1
                0x0000000000000000      0x1bc ./main.o
 .text.mandelbrot2
                0x0000000000000000      0x2f0 ./main.o
 .comment       0x0000000000000000       0x3a ./main.o
 .text          0x0000000000000000        0x0 ./startup.o
 .data          0x0000000000000000        0x0 ./startup.o
 .bss           0x0000000000000000        0x0 ./startup.o
 .text          0x0000000000000000        0x0 c:/users/tobias/appdata/roaming/gnu mcu eclipse/risc-v embedded gcc/8.1.0-2-20181019-0952/bin/../lib/gcc/riscv-none-embed/8.1.0/rv32im/ilp32\libgcc.a(_clzsi2.o)
 .data          0x0000000000000000        0x0 c:/users/tobias/appdata/roaming/gnu mcu eclipse/risc-v embedded gcc/8.1.0-2-20181019-0952/bin/../lib/gcc/riscv-none-embed/8.1.0/rv32im/ilp32\libgcc.a(_clzsi2.o)
 .bss           0x0000000000000000        0x0 c:/users/tobias/appdata/roaming/gnu mcu eclipse/risc-v embedded gcc/8.1.0-2-20181019-0952/bin/../lib/gcc/riscv-none-embed/8.1.0/rv32im/ilp32\libgcc.a(_clzsi2.o)
 .text.__clzsi2
                0x0000000000000000       0x94 c:/users/tobias/appdata/roaming/gnu mcu eclipse/risc-v embedded gcc/8.1.0-2-20181019-0952/bin/../lib/gcc/riscv-none-embed/8.1.0/rv32im/ilp32\libgcc.a(_clzsi2.o)
 .debug_frame   0x0000000000000000       0x20 c:/users/tobias/appdata/roaming/gnu mcu eclipse/risc-v embedded gcc/8.1.0-2-20181019-0952/bin/../lib/gcc/riscv-none-embed/8.1.0/rv32im/ilp32\libgcc.a(_clzsi2.o)
 .text          0x0000000000000000        0x0 c:/users/tobias/appdata/roaming/gnu mcu eclipse/risc-v embedded gcc/8.1.0-2-20181019-0952/bin/../lib/gcc/riscv-none-embed/8.1.0/rv32im/ilp32\libgcc.a(_divdi3.o)
 .data          0x0000000000000000        0x0 c:/users/tobias/appdata/roaming/gnu mcu eclipse/risc-v embedded gcc/8.1.0-2-20181019-0952/bin/../lib/gcc/riscv-none-embed/8.1.0/rv32im/ilp32\libgcc.a(_divdi3.o)
 .bss           0x0000000000000000        0x0 c:/users/tobias/appdata/roaming/gnu mcu eclipse/risc-v embedded gcc/8.1.0-2-20181019-0952/bin/../lib/gcc/riscv-none-embed/8.1.0/rv32im/ilp32\libgcc.a(_divdi3.o)
 .text.__divdi3
                0x0000000000000000      0x4ec c:/users/tobias/appdata/roaming/gnu mcu eclipse/risc-v embedded gcc/8.1.0-2-20181019-0952/bin/../lib/gcc/riscv-none-embed/8.1.0/rv32im/ilp32\libgcc.a(_divdi3.o)
 .eh_frame      0x0000000000000000       0x28 c:/users/tobias/appdata/roaming/gnu mcu eclipse/risc-v embedded gcc/8.1.0-2-20181019-0952/bin/../lib/gcc/riscv-none-embed/8.1.0/rv32im/ilp32\libgcc.a(_divdi3.o)
 .text          0x0000000000000000        0x0 c:/users/tobias/appdata/roaming/gnu mcu eclipse/risc-v embedded gcc/8.1.0-2-20181019-0952/bin/../lib/gcc/riscv-none-embed/8.1.0/rv32im/ilp32\libgcc.a(_clz.o)
 .data          0x0000000000000000        0x0 c:/users/tobias/appdata/roaming/gnu mcu eclipse/risc-v embedded gcc/8.1.0-2-20181019-0952/bin/../lib/gcc/riscv-none-embed/8.1.0/rv32im/ilp32\libgcc.a(_clz.o)
 .bss           0x0000000000000000        0x0 c:/users/tobias/appdata/roaming/gnu mcu eclipse/risc-v embedded gcc/8.1.0-2-20181019-0952/bin/../lib/gcc/riscv-none-embed/8.1.0/rv32im/ilp32\libgcc.a(_clz.o)
 .rodata.__clz_tab
                0x0000000000000000      0x100 c:/users/tobias/appdata/roaming/gnu mcu eclipse/risc-v embedded gcc/8.1.0-2-20181019-0952/bin/../lib/gcc/riscv-none-embed/8.1.0/rv32im/ilp32\libgcc.a(_clz.o)
 .text          0x0000000000000000        0x0 c:/users/tobias/appdata/roaming/gnu mcu eclipse/risc-v embedded gcc/8.1.0-2-20181019-0952/bin/../lib/gcc/riscv-none-embed/8.1.0/../../../../riscv-none-embed/lib/rv32im/ilp32\libg.a(lib_a-strcpy.o)
 .data          0x0000000000000000        0x0 c:/users/tobias/appdata/roaming/gnu mcu eclipse/risc-v embedded gcc/8.1.0-2-20181019-0952/bin/../lib/gcc/riscv-none-embed/8.1.0/../../../../riscv-none-embed/lib/rv32im/ilp32\libg.a(lib_a-strcpy.o)
 .bss           0x0000000000000000        0x0 c:/users/tobias/appdata/roaming/gnu mcu eclipse/risc-v embedded gcc/8.1.0-2-20181019-0952/bin/../lib/gcc/riscv-none-embed/8.1.0/../../../../riscv-none-embed/lib/rv32im/ilp32\libg.a(lib_a-strcpy.o)
 .text.strcpy   0x0000000000000000       0xb0 c:/users/tobias/appdata/roaming/gnu mcu eclipse/risc-v embedded gcc/8.1.0-2-20181019-0952/bin/../lib/gcc/riscv-none-embed/8.1.0/../../../../riscv-none-embed/lib/rv32im/ilp32\libg.a(lib_a-strcpy.o)
 .debug_frame   0x0000000000000000       0x20 c:/users/tobias/appdata/roaming/gnu mcu eclipse/risc-v embedded gcc/8.1.0-2-20181019-0952/bin/../lib/gcc/riscv-none-embed/8.1.0/../../../../riscv-none-embed/lib/rv32im/ilp32\libg.a(lib_a-strcpy.o)

Memory Configuration

Name             Origin             Length             Attributes
ROM              0x0000000000000000 0x0000000000004000 xr
RAM              0x0000000002000000 0x0000000000001000 rw
SRAM             0x0000000004000000 0x0000000002000000 rw
*default*        0x0000000000000000 0xffffffffffffffff

Linker script and memory map

LOAD ./libfixmath/fix16.o
LOAD ./libfixmath/fix16_exp.o
LOAD ./libfixmath/fix16_sqrt.o
LOAD ./libfixmath/fix16_trig.o
LOAD ./libfixmath/fract32.o
LOAD ./libfixmath/uint32.o
LOAD ./Drivers/Keyboard.o
LOAD ./Drivers/PS2.o
LOAD ./main.o
LOAD ./startup.o
LOAD c:/users/tobias/appdata/roaming/gnu mcu eclipse/risc-v embedded gcc/8.1.0-2-20181019-0952/bin/../lib/gcc/riscv-none-embed/8.1.0/rv32im/ilp32\libgcc.a
START GROUP
LOAD c:/users/tobias/appdata/roaming/gnu mcu eclipse/risc-v embedded gcc/8.1.0-2-20181019-0952/bin/../lib/gcc/riscv-none-embed/8.1.0/rv32im/ilp32\libgcc.a
LOAD c:/users/tobias/appdata/roaming/gnu mcu eclipse/risc-v embedded gcc/8.1.0-2-20181019-0952/bin/../lib/gcc/riscv-none-embed/8.1.0/../../../../riscv-none-embed/lib/rv32im/ilp32\libg.a
LOAD c:/users/tobias/appdata/roaming/gnu mcu eclipse/risc-v embedded gcc/8.1.0-2-20181019-0952/bin/../lib/gcc/riscv-none-embed/8.1.0/../../../../riscv-none-embed/lib/rv32im/ilp32\libc.a
END GROUP
LOAD c:/users/tobias/appdata/roaming/gnu mcu eclipse/risc-v embedded gcc/8.1.0-2-20181019-0952/bin/../lib/gcc/riscv-none-embed/8.1.0/rv32im/ilp32\libgcc.a
START GROUP
LOAD c:/users/tobias/appdata/roaming/gnu mcu eclipse/risc-v embedded gcc/8.1.0-2-20181019-0952/bin/../lib/gcc/riscv-none-embed/8.1.0/rv32im/ilp32\libgcc.a
LOAD c:/users/tobias/appdata/roaming/gnu mcu eclipse/risc-v embedded gcc/8.1.0-2-20181019-0952/bin/../lib/gcc/riscv-none-embed/8.1.0/../../../../riscv-none-embed/lib/rv32im/ilp32\libc.a
LOAD c:/users/tobias/appdata/roaming/gnu mcu eclipse/risc-v embedded gcc/8.1.0-2-20181019-0952/bin/../lib/gcc/riscv-none-embed/8.1.0/../../../../riscv-none-embed/lib/rv32im/ilp32\libnosys.a
END GROUP

.text           0x0000000000000000       0x9c
 *(.init)
 .init          0x0000000000000000       0x2c ./startup.o
                0x0000000000000000                _start
 *(.text*)
 .text.runningLed
                0x000000000000002c       0x30 ./main.o
                0x000000000000002c                runningLed
 .text.startup.main
                0x000000000000005c       0x40 ./main.o
                0x000000000000005c                main
                0x000000000000009c                __text_end = ALIGN (0x4)

.rela.dyn       0x000000000000009c        0x0
 .rela.init     0x000000000000009c        0x0 ./main.o

.data           0x0000000002000000        0x4
                0x0000000002000000                __data_begin = .
 *(.rodata*)
 *(.data*)
 *(.sdata*)
 .sdata.screen  0x0000000002000000        0x4 ./main.o
                0x0000000002000000                screen
 *(.eh_frame*)
                0x0000000002000004                __data_end = ALIGN (0x4)

.bss            0x0000000002000004        0x0
                0x0000000002000004                __bss_begin = .
 *(.bss*)
 *(.sbss)
 *(COMMON)
                0x0000000002000004                __bss_end = ALIGN (0x4)
                0x0000000002001000                __stack_top = (ORIGIN (RAM) + LENGTH (RAM))
                0x0000000002000004                end = .

/DISCARD/
 *(.comment)
OUTPUT(EV19_RISCV.elf elf32-littleriscv)
