Archive member included to satisfy reference by file (symbol)

c:/users/tobias/appdata/roaming/gnu mcu eclipse/risc-v embedded gcc/8.1.0-2-20181019-0952/bin/../lib/gcc/riscv-none-embed/8.1.0/rv32im/ilp32\libgcc.a(_clzsi2.o)
                              ./libfixmath/fix16.o (__clzsi2)
c:/users/tobias/appdata/roaming/gnu mcu eclipse/risc-v embedded gcc/8.1.0-2-20181019-0952/bin/../lib/gcc/riscv-none-embed/8.1.0/rv32im/ilp32\libgcc.a(_divdi3.o)
                              ./libfixmath/fix16_exp.o (__divdi3)
c:/users/tobias/appdata/roaming/gnu mcu eclipse/risc-v embedded gcc/8.1.0-2-20181019-0952/bin/../lib/gcc/riscv-none-embed/8.1.0/rv32im/ilp32\libgcc.a(_clz.o)
                              c:/users/tobias/appdata/roaming/gnu mcu eclipse/risc-v embedded gcc/8.1.0-2-20181019-0952/bin/../lib/gcc/riscv-none-embed/8.1.0/rv32im/ilp32\libgcc.a(_clzsi2.o) (__clz_tab)
c:/users/tobias/appdata/roaming/gnu mcu eclipse/risc-v embedded gcc/8.1.0-2-20181019-0952/bin/../lib/gcc/riscv-none-embed/8.1.0/../../../../riscv-none-embed/lib/rv32im/ilp32\libg.a(lib_a-getchar.o)
                              ./main.o (getchar)
c:/users/tobias/appdata/roaming/gnu mcu eclipse/risc-v embedded gcc/8.1.0-2-20181019-0952/bin/../lib/gcc/riscv-none-embed/8.1.0/../../../../riscv-none-embed/lib/rv32im/ilp32\libg.a(lib_a-impure.o)
                              c:/users/tobias/appdata/roaming/gnu mcu eclipse/risc-v embedded gcc/8.1.0-2-20181019-0952/bin/../lib/gcc/riscv-none-embed/8.1.0/../../../../riscv-none-embed/lib/rv32im/ilp32\libg.a(lib_a-getchar.o) (_impure_ptr)
c:/users/tobias/appdata/roaming/gnu mcu eclipse/risc-v embedded gcc/8.1.0-2-20181019-0952/bin/../lib/gcc/riscv-none-embed/8.1.0/../../../../riscv-none-embed/lib/rv32im/ilp32\libg.a(lib_a-strcpy.o)
                              ./Drivers/Keyboard.o (strcpy)
c:/users/tobias/appdata/roaming/gnu mcu eclipse/risc-v embedded gcc/8.1.0-2-20181019-0952/bin/../lib/gcc/riscv-none-embed/8.1.0/../../../../riscv-none-embed/lib/rv32im/ilp32\libg.a(lib_a-getc.o)
                              c:/users/tobias/appdata/roaming/gnu mcu eclipse/risc-v embedded gcc/8.1.0-2-20181019-0952/bin/../lib/gcc/riscv-none-embed/8.1.0/../../../../riscv-none-embed/lib/rv32im/ilp32\libg.a(lib_a-getchar.o) (_getc_r)
c:/users/tobias/appdata/roaming/gnu mcu eclipse/risc-v embedded gcc/8.1.0-2-20181019-0952/bin/../lib/gcc/riscv-none-embed/8.1.0/../../../../riscv-none-embed/lib/rv32im/ilp32\libg.a(lib_a-lock.o)
                              c:/users/tobias/appdata/roaming/gnu mcu eclipse/risc-v embedded gcc/8.1.0-2-20181019-0952/bin/../lib/gcc/riscv-none-embed/8.1.0/../../../../riscv-none-embed/lib/rv32im/ilp32\libg.a(lib_a-getc.o) (__retarget_lock_acquire_recursive)
c:/users/tobias/appdata/roaming/gnu mcu eclipse/risc-v embedded gcc/8.1.0-2-20181019-0952/bin/../lib/gcc/riscv-none-embed/8.1.0/../../../../riscv-none-embed/lib/rv32im/ilp32\libg.a(lib_a-rget.o)
                              c:/users/tobias/appdata/roaming/gnu mcu eclipse/risc-v embedded gcc/8.1.0-2-20181019-0952/bin/../lib/gcc/riscv-none-embed/8.1.0/../../../../riscv-none-embed/lib/rv32im/ilp32\libg.a(lib_a-getc.o) (__srget_r)
c:/users/tobias/appdata/roaming/gnu mcu eclipse/risc-v embedded gcc/8.1.0-2-20181019-0952/bin/../lib/gcc/riscv-none-embed/8.1.0/../../../../riscv-none-embed/lib/rv32im/ilp32\libg.a(lib_a-findfp.o)
                              c:/users/tobias/appdata/roaming/gnu mcu eclipse/risc-v embedded gcc/8.1.0-2-20181019-0952/bin/../lib/gcc/riscv-none-embed/8.1.0/../../../../riscv-none-embed/lib/rv32im/ilp32\libg.a(lib_a-getc.o) (__sinit)
c:/users/tobias/appdata/roaming/gnu mcu eclipse/risc-v embedded gcc/8.1.0-2-20181019-0952/bin/../lib/gcc/riscv-none-embed/8.1.0/../../../../riscv-none-embed/lib/rv32im/ilp32\libg.a(lib_a-fwalk.o)
                              c:/users/tobias/appdata/roaming/gnu mcu eclipse/risc-v embedded gcc/8.1.0-2-20181019-0952/bin/../lib/gcc/riscv-none-embed/8.1.0/../../../../riscv-none-embed/lib/rv32im/ilp32\libg.a(lib_a-findfp.o) (_fwalk)
c:/users/tobias/appdata/roaming/gnu mcu eclipse/risc-v embedded gcc/8.1.0-2-20181019-0952/bin/../lib/gcc/riscv-none-embed/8.1.0/../../../../riscv-none-embed/lib/rv32im/ilp32\libg.a(lib_a-mallocr.o)
                              c:/users/tobias/appdata/roaming/gnu mcu eclipse/risc-v embedded gcc/8.1.0-2-20181019-0952/bin/../lib/gcc/riscv-none-embed/8.1.0/../../../../riscv-none-embed/lib/rv32im/ilp32\libg.a(lib_a-findfp.o) (_malloc_r)
c:/users/tobias/appdata/roaming/gnu mcu eclipse/risc-v embedded gcc/8.1.0-2-20181019-0952/bin/../lib/gcc/riscv-none-embed/8.1.0/../../../../riscv-none-embed/lib/rv32im/ilp32\libg.a(lib_a-memset.o)
                              c:/users/tobias/appdata/roaming/gnu mcu eclipse/risc-v embedded gcc/8.1.0-2-20181019-0952/bin/../lib/gcc/riscv-none-embed/8.1.0/../../../../riscv-none-embed/lib/rv32im/ilp32\libg.a(lib_a-findfp.o) (memset)
c:/users/tobias/appdata/roaming/gnu mcu eclipse/risc-v embedded gcc/8.1.0-2-20181019-0952/bin/../lib/gcc/riscv-none-embed/8.1.0/../../../../riscv-none-embed/lib/rv32im/ilp32\libg.a(lib_a-mlock.o)
                              c:/users/tobias/appdata/roaming/gnu mcu eclipse/risc-v embedded gcc/8.1.0-2-20181019-0952/bin/../lib/gcc/riscv-none-embed/8.1.0/../../../../riscv-none-embed/lib/rv32im/ilp32\libg.a(lib_a-mallocr.o) (__malloc_lock)
c:/users/tobias/appdata/roaming/gnu mcu eclipse/risc-v embedded gcc/8.1.0-2-20181019-0952/bin/../lib/gcc/riscv-none-embed/8.1.0/../../../../riscv-none-embed/lib/rv32im/ilp32\libg.a(lib_a-refill.o)
                              c:/users/tobias/appdata/roaming/gnu mcu eclipse/risc-v embedded gcc/8.1.0-2-20181019-0952/bin/../lib/gcc/riscv-none-embed/8.1.0/../../../../riscv-none-embed/lib/rv32im/ilp32\libg.a(lib_a-rget.o) (__srefill_r)
c:/users/tobias/appdata/roaming/gnu mcu eclipse/risc-v embedded gcc/8.1.0-2-20181019-0952/bin/../lib/gcc/riscv-none-embed/8.1.0/../../../../riscv-none-embed/lib/rv32im/ilp32\libg.a(lib_a-sbrkr.o)
                              c:/users/tobias/appdata/roaming/gnu mcu eclipse/risc-v embedded gcc/8.1.0-2-20181019-0952/bin/../lib/gcc/riscv-none-embed/8.1.0/../../../../riscv-none-embed/lib/rv32im/ilp32\libg.a(lib_a-mallocr.o) (_sbrk_r)
c:/users/tobias/appdata/roaming/gnu mcu eclipse/risc-v embedded gcc/8.1.0-2-20181019-0952/bin/../lib/gcc/riscv-none-embed/8.1.0/../../../../riscv-none-embed/lib/rv32im/ilp32\libg.a(lib_a-stdio.o)
                              c:/users/tobias/appdata/roaming/gnu mcu eclipse/risc-v embedded gcc/8.1.0-2-20181019-0952/bin/../lib/gcc/riscv-none-embed/8.1.0/../../../../riscv-none-embed/lib/rv32im/ilp32\libg.a(lib_a-findfp.o) (__sread)
c:/users/tobias/appdata/roaming/gnu mcu eclipse/risc-v embedded gcc/8.1.0-2-20181019-0952/bin/../lib/gcc/riscv-none-embed/8.1.0/../../../../riscv-none-embed/lib/rv32im/ilp32\libg.a(lib_a-writer.o)
                              c:/users/tobias/appdata/roaming/gnu mcu eclipse/risc-v embedded gcc/8.1.0-2-20181019-0952/bin/../lib/gcc/riscv-none-embed/8.1.0/../../../../riscv-none-embed/lib/rv32im/ilp32\libg.a(lib_a-stdio.o) (_write_r)
c:/users/tobias/appdata/roaming/gnu mcu eclipse/risc-v embedded gcc/8.1.0-2-20181019-0952/bin/../lib/gcc/riscv-none-embed/8.1.0/../../../../riscv-none-embed/lib/rv32im/ilp32\libg.a(lib_a-closer.o)
                              c:/users/tobias/appdata/roaming/gnu mcu eclipse/risc-v embedded gcc/8.1.0-2-20181019-0952/bin/../lib/gcc/riscv-none-embed/8.1.0/../../../../riscv-none-embed/lib/rv32im/ilp32\libg.a(lib_a-stdio.o) (_close_r)
c:/users/tobias/appdata/roaming/gnu mcu eclipse/risc-v embedded gcc/8.1.0-2-20181019-0952/bin/../lib/gcc/riscv-none-embed/8.1.0/../../../../riscv-none-embed/lib/rv32im/ilp32\libg.a(lib_a-fclose.o)
                              c:/users/tobias/appdata/roaming/gnu mcu eclipse/risc-v embedded gcc/8.1.0-2-20181019-0952/bin/../lib/gcc/riscv-none-embed/8.1.0/../../../../riscv-none-embed/lib/rv32im/ilp32\libg.a(lib_a-findfp.o) (_fclose_r)
c:/users/tobias/appdata/roaming/gnu mcu eclipse/risc-v embedded gcc/8.1.0-2-20181019-0952/bin/../lib/gcc/riscv-none-embed/8.1.0/../../../../riscv-none-embed/lib/rv32im/ilp32\libg.a(lib_a-fflush.o)
                              c:/users/tobias/appdata/roaming/gnu mcu eclipse/risc-v embedded gcc/8.1.0-2-20181019-0952/bin/../lib/gcc/riscv-none-embed/8.1.0/../../../../riscv-none-embed/lib/rv32im/ilp32\libg.a(lib_a-refill.o) (__sflush_r)
c:/users/tobias/appdata/roaming/gnu mcu eclipse/risc-v embedded gcc/8.1.0-2-20181019-0952/bin/../lib/gcc/riscv-none-embed/8.1.0/../../../../riscv-none-embed/lib/rv32im/ilp32\libg.a(lib_a-freer.o)
                              c:/users/tobias/appdata/roaming/gnu mcu eclipse/risc-v embedded gcc/8.1.0-2-20181019-0952/bin/../lib/gcc/riscv-none-embed/8.1.0/../../../../riscv-none-embed/lib/rv32im/ilp32\libg.a(lib_a-mallocr.o) (_free_r)
c:/users/tobias/appdata/roaming/gnu mcu eclipse/risc-v embedded gcc/8.1.0-2-20181019-0952/bin/../lib/gcc/riscv-none-embed/8.1.0/../../../../riscv-none-embed/lib/rv32im/ilp32\libg.a(lib_a-lseekr.o)
                              c:/users/tobias/appdata/roaming/gnu mcu eclipse/risc-v embedded gcc/8.1.0-2-20181019-0952/bin/../lib/gcc/riscv-none-embed/8.1.0/../../../../riscv-none-embed/lib/rv32im/ilp32\libg.a(lib_a-stdio.o) (_lseek_r)
c:/users/tobias/appdata/roaming/gnu mcu eclipse/risc-v embedded gcc/8.1.0-2-20181019-0952/bin/../lib/gcc/riscv-none-embed/8.1.0/../../../../riscv-none-embed/lib/rv32im/ilp32\libg.a(lib_a-makebuf.o)
                              c:/users/tobias/appdata/roaming/gnu mcu eclipse/risc-v embedded gcc/8.1.0-2-20181019-0952/bin/../lib/gcc/riscv-none-embed/8.1.0/../../../../riscv-none-embed/lib/rv32im/ilp32\libg.a(lib_a-refill.o) (__smakebuf_r)
c:/users/tobias/appdata/roaming/gnu mcu eclipse/risc-v embedded gcc/8.1.0-2-20181019-0952/bin/../lib/gcc/riscv-none-embed/8.1.0/../../../../riscv-none-embed/lib/rv32im/ilp32\libg.a(lib_a-readr.o)
                              c:/users/tobias/appdata/roaming/gnu mcu eclipse/risc-v embedded gcc/8.1.0-2-20181019-0952/bin/../lib/gcc/riscv-none-embed/8.1.0/../../../../riscv-none-embed/lib/rv32im/ilp32\libg.a(lib_a-stdio.o) (_read_r)
c:/users/tobias/appdata/roaming/gnu mcu eclipse/risc-v embedded gcc/8.1.0-2-20181019-0952/bin/../lib/gcc/riscv-none-embed/8.1.0/../../../../riscv-none-embed/lib/rv32im/ilp32\libg.a(lib_a-reent.o)
                              c:/users/tobias/appdata/roaming/gnu mcu eclipse/risc-v embedded gcc/8.1.0-2-20181019-0952/bin/../lib/gcc/riscv-none-embed/8.1.0/../../../../riscv-none-embed/lib/rv32im/ilp32\libg.a(lib_a-sbrkr.o) (errno)
c:/users/tobias/appdata/roaming/gnu mcu eclipse/risc-v embedded gcc/8.1.0-2-20181019-0952/bin/../lib/gcc/riscv-none-embed/8.1.0/../../../../riscv-none-embed/lib/rv32im/ilp32\libg.a(lib_a-fstatr.o)
                              c:/users/tobias/appdata/roaming/gnu mcu eclipse/risc-v embedded gcc/8.1.0-2-20181019-0952/bin/../lib/gcc/riscv-none-embed/8.1.0/../../../../riscv-none-embed/lib/rv32im/ilp32\libg.a(lib_a-makebuf.o) (_fstat_r)
c:/users/tobias/appdata/roaming/gnu mcu eclipse/risc-v embedded gcc/8.1.0-2-20181019-0952/bin/../lib/gcc/riscv-none-embed/8.1.0/../../../../riscv-none-embed/lib/rv32im/ilp32\libg.a(lib_a-isattyr.o)
                              c:/users/tobias/appdata/roaming/gnu mcu eclipse/risc-v embedded gcc/8.1.0-2-20181019-0952/bin/../lib/gcc/riscv-none-embed/8.1.0/../../../../riscv-none-embed/lib/rv32im/ilp32\libg.a(lib_a-makebuf.o) (_isatty_r)
c:/users/tobias/appdata/roaming/gnu mcu eclipse/risc-v embedded gcc/8.1.0-2-20181019-0952/bin/../lib/gcc/riscv-none-embed/8.1.0/../../../../riscv-none-embed/lib/rv32im/ilp32\libnosys.a(close.o)
                              c:/users/tobias/appdata/roaming/gnu mcu eclipse/risc-v embedded gcc/8.1.0-2-20181019-0952/bin/../lib/gcc/riscv-none-embed/8.1.0/../../../../riscv-none-embed/lib/rv32im/ilp32\libg.a(lib_a-closer.o) (_close)
c:/users/tobias/appdata/roaming/gnu mcu eclipse/risc-v embedded gcc/8.1.0-2-20181019-0952/bin/../lib/gcc/riscv-none-embed/8.1.0/../../../../riscv-none-embed/lib/rv32im/ilp32\libnosys.a(fstat.o)
                              c:/users/tobias/appdata/roaming/gnu mcu eclipse/risc-v embedded gcc/8.1.0-2-20181019-0952/bin/../lib/gcc/riscv-none-embed/8.1.0/../../../../riscv-none-embed/lib/rv32im/ilp32\libg.a(lib_a-fstatr.o) (_fstat)
c:/users/tobias/appdata/roaming/gnu mcu eclipse/risc-v embedded gcc/8.1.0-2-20181019-0952/bin/../lib/gcc/riscv-none-embed/8.1.0/../../../../riscv-none-embed/lib/rv32im/ilp32\libnosys.a(isatty.o)
                              c:/users/tobias/appdata/roaming/gnu mcu eclipse/risc-v embedded gcc/8.1.0-2-20181019-0952/bin/../lib/gcc/riscv-none-embed/8.1.0/../../../../riscv-none-embed/lib/rv32im/ilp32\libg.a(lib_a-isattyr.o) (_isatty)
c:/users/tobias/appdata/roaming/gnu mcu eclipse/risc-v embedded gcc/8.1.0-2-20181019-0952/bin/../lib/gcc/riscv-none-embed/8.1.0/../../../../riscv-none-embed/lib/rv32im/ilp32\libnosys.a(lseek.o)
                              c:/users/tobias/appdata/roaming/gnu mcu eclipse/risc-v embedded gcc/8.1.0-2-20181019-0952/bin/../lib/gcc/riscv-none-embed/8.1.0/../../../../riscv-none-embed/lib/rv32im/ilp32\libg.a(lib_a-lseekr.o) (_lseek)
c:/users/tobias/appdata/roaming/gnu mcu eclipse/risc-v embedded gcc/8.1.0-2-20181019-0952/bin/../lib/gcc/riscv-none-embed/8.1.0/../../../../riscv-none-embed/lib/rv32im/ilp32\libnosys.a(read.o)
                              c:/users/tobias/appdata/roaming/gnu mcu eclipse/risc-v embedded gcc/8.1.0-2-20181019-0952/bin/../lib/gcc/riscv-none-embed/8.1.0/../../../../riscv-none-embed/lib/rv32im/ilp32\libg.a(lib_a-readr.o) (_read)
c:/users/tobias/appdata/roaming/gnu mcu eclipse/risc-v embedded gcc/8.1.0-2-20181019-0952/bin/../lib/gcc/riscv-none-embed/8.1.0/../../../../riscv-none-embed/lib/rv32im/ilp32\libnosys.a(sbrk.o)
                              c:/users/tobias/appdata/roaming/gnu mcu eclipse/risc-v embedded gcc/8.1.0-2-20181019-0952/bin/../lib/gcc/riscv-none-embed/8.1.0/../../../../riscv-none-embed/lib/rv32im/ilp32\libg.a(lib_a-sbrkr.o) (_sbrk)
c:/users/tobias/appdata/roaming/gnu mcu eclipse/risc-v embedded gcc/8.1.0-2-20181019-0952/bin/../lib/gcc/riscv-none-embed/8.1.0/../../../../riscv-none-embed/lib/rv32im/ilp32\libnosys.a(write.o)
                              c:/users/tobias/appdata/roaming/gnu mcu eclipse/risc-v embedded gcc/8.1.0-2-20181019-0952/bin/../lib/gcc/riscv-none-embed/8.1.0/../../../../riscv-none-embed/lib/rv32im/ilp32\libg.a(lib_a-writer.o) (_write)

Allocating common symbols
Common symbol       size              file

__lock___atexit_recursive_mutex
                    0x1               c:/users/tobias/appdata/roaming/gnu mcu eclipse/risc-v embedded gcc/8.1.0-2-20181019-0952/bin/../lib/gcc/riscv-none-embed/8.1.0/../../../../riscv-none-embed/lib/rv32im/ilp32\libg.a(lib_a-lock.o)
__lock___arc4random_mutex
                    0x1               c:/users/tobias/appdata/roaming/gnu mcu eclipse/risc-v embedded gcc/8.1.0-2-20181019-0952/bin/../lib/gcc/riscv-none-embed/8.1.0/../../../../riscv-none-embed/lib/rv32im/ilp32\libg.a(lib_a-lock.o)
errno               0x4               c:/users/tobias/appdata/roaming/gnu mcu eclipse/risc-v embedded gcc/8.1.0-2-20181019-0952/bin/../lib/gcc/riscv-none-embed/8.1.0/../../../../riscv-none-embed/lib/rv32im/ilp32\libg.a(lib_a-reent.o)
__lock___env_recursive_mutex
                    0x1               c:/users/tobias/appdata/roaming/gnu mcu eclipse/risc-v embedded gcc/8.1.0-2-20181019-0952/bin/../lib/gcc/riscv-none-embed/8.1.0/../../../../riscv-none-embed/lib/rv32im/ilp32\libg.a(lib_a-lock.o)
__lock___sinit_recursive_mutex
                    0x1               c:/users/tobias/appdata/roaming/gnu mcu eclipse/risc-v embedded gcc/8.1.0-2-20181019-0952/bin/../lib/gcc/riscv-none-embed/8.1.0/../../../../riscv-none-embed/lib/rv32im/ilp32\libg.a(lib_a-lock.o)
__lock___malloc_recursive_mutex
                    0x1               c:/users/tobias/appdata/roaming/gnu mcu eclipse/risc-v embedded gcc/8.1.0-2-20181019-0952/bin/../lib/gcc/riscv-none-embed/8.1.0/../../../../riscv-none-embed/lib/rv32im/ilp32\libg.a(lib_a-lock.o)
__lock___at_quick_exit_mutex
                    0x1               c:/users/tobias/appdata/roaming/gnu mcu eclipse/risc-v embedded gcc/8.1.0-2-20181019-0952/bin/../lib/gcc/riscv-none-embed/8.1.0/../../../../riscv-none-embed/lib/rv32im/ilp32\libg.a(lib_a-lock.o)
__lock___dd_hash_mutex
                    0x1               c:/users/tobias/appdata/roaming/gnu mcu eclipse/risc-v embedded gcc/8.1.0-2-20181019-0952/bin/../lib/gcc/riscv-none-embed/8.1.0/../../../../riscv-none-embed/lib/rv32im/ilp32\libg.a(lib_a-lock.o)
__lock___tz_mutex   0x1               c:/users/tobias/appdata/roaming/gnu mcu eclipse/risc-v embedded gcc/8.1.0-2-20181019-0952/bin/../lib/gcc/riscv-none-embed/8.1.0/../../../../riscv-none-embed/lib/rv32im/ilp32\libg.a(lib_a-lock.o)
__lock___sfp_recursive_mutex
                    0x1               c:/users/tobias/appdata/roaming/gnu mcu eclipse/risc-v embedded gcc/8.1.0-2-20181019-0952/bin/../lib/gcc/riscv-none-embed/8.1.0/../../../../riscv-none-embed/lib/rv32im/ilp32\libg.a(lib_a-lock.o)

Discarded input sections

 .text          0x0000000000000000        0x0 ./libfixmath/fix16.o
 .data          0x0000000000000000        0x0 ./libfixmath/fix16.o
 .bss           0x0000000000000000        0x0 ./libfixmath/fix16.o
 .text.fix16_add
                0x0000000000000000       0x20 ./libfixmath/fix16.o
 .text.fix16_sub
                0x0000000000000000       0x20 ./libfixmath/fix16.o
 .text.fix16_sadd
                0x0000000000000000       0x38 ./libfixmath/fix16.o
 .text.fix16_ssub
                0x0000000000000000       0x38 ./libfixmath/fix16.o
 .text.fix16_mul
                0x0000000000000000       0x58 ./libfixmath/fix16.o
 .text.fix16_smul
                0x0000000000000000       0x50 ./libfixmath/fix16.o
 .text.fix16_div
                0x0000000000000000      0x140 ./libfixmath/fix16.o
 .text.fix16_sdiv
                0x0000000000000000       0x50 ./libfixmath/fix16.o
 .text.fix16_lerp8
                0x0000000000000000       0x38 ./libfixmath/fix16.o
 .text.fix16_lerp16
                0x0000000000000000       0x38 ./libfixmath/fix16.o
 .text.fix16_lerp32
                0x0000000000000000       0x28 ./libfixmath/fix16.o
 .comment       0x0000000000000000       0x3a ./libfixmath/fix16.o
 .text          0x0000000000000000        0x0 ./libfixmath/fix16_exp.o
 .data          0x0000000000000000        0x0 ./libfixmath/fix16_exp.o
 .bss           0x0000000000000000        0x0 ./libfixmath/fix16_exp.o
 .text.fix16_exp
                0x0000000000000000      0x190 ./libfixmath/fix16_exp.o
 .bss._fix16_exp_cache_index
                0x0000000000000000     0x4000 ./libfixmath/fix16_exp.o
 .bss._fix16_exp_cache_value
                0x0000000000000000     0x4000 ./libfixmath/fix16_exp.o
 .comment       0x0000000000000000       0x3a ./libfixmath/fix16_exp.o
 .text          0x0000000000000000        0x0 ./libfixmath/fix16_sqrt.o
 .data          0x0000000000000000        0x0 ./libfixmath/fix16_sqrt.o
 .bss           0x0000000000000000        0x0 ./libfixmath/fix16_sqrt.o
 .text.fix16_sqrt
                0x0000000000000000       0xb8 ./libfixmath/fix16_sqrt.o
 .comment       0x0000000000000000       0x3a ./libfixmath/fix16_sqrt.o
 .text          0x0000000000000000        0x0 ./libfixmath/fix16_trig.o
 .data          0x0000000000000000        0x0 ./libfixmath/fix16_trig.o
 .bss           0x0000000000000000        0x0 ./libfixmath/fix16_trig.o
 .text.fix16_sin_parabola
                0x0000000000000000       0xa8 ./libfixmath/fix16_trig.o
 .text.fix16_sin
                0x0000000000000000      0x15c ./libfixmath/fix16_trig.o
 .text.fix16_cos
                0x0000000000000000       0x14 ./libfixmath/fix16_trig.o
 .text.fix16_tan
                0x0000000000000000       0x4c ./libfixmath/fix16_trig.o
 .text.fix16_atan2
                0x0000000000000000      0x1c4 ./libfixmath/fix16_trig.o
 .text.fix16_atan
                0x0000000000000000        0xc ./libfixmath/fix16_trig.o
 .text.fix16_asin
                0x0000000000000000       0x7c ./libfixmath/fix16_trig.o
 .text.fix16_acos
                0x0000000000000000       0x28 ./libfixmath/fix16_trig.o
 .bss._fix16_atan_cache_index
                0x0000000000000000     0x8000 ./libfixmath/fix16_trig.o
 .bss._fix16_atan_cache_value
                0x0000000000000000     0x4000 ./libfixmath/fix16_trig.o
 .bss._fix16_sin_cache_index
                0x0000000000000000     0x4000 ./libfixmath/fix16_trig.o
 .bss._fix16_sin_cache_value
                0x0000000000000000     0x4000 ./libfixmath/fix16_trig.o
 .comment       0x0000000000000000       0x3a ./libfixmath/fix16_trig.o
 .text          0x0000000000000000        0x0 ./libfixmath/fract32.o
 .data          0x0000000000000000        0x0 ./libfixmath/fract32.o
 .bss           0x0000000000000000        0x0 ./libfixmath/fract32.o
 .text.fract32_create
                0x0000000000000000       0x24 ./libfixmath/fract32.o
 .text.fract32_invert
                0x0000000000000000        0x8 ./libfixmath/fract32.o
 .text.fract32_usmul
                0x0000000000000000        0x8 ./libfixmath/fract32.o
 .text.fract32_smul
                0x0000000000000000       0x1c ./libfixmath/fract32.o
 .comment       0x0000000000000000       0x3a ./libfixmath/fract32.o
 .text          0x0000000000000000        0x0 ./libfixmath/uint32.o
 .data          0x0000000000000000        0x0 ./libfixmath/uint32.o
 .bss           0x0000000000000000        0x0 ./libfixmath/uint32.o
 .text.uint32_log2
                0x0000000000000000       0x64 ./libfixmath/uint32.o
 .comment       0x0000000000000000       0x3a ./libfixmath/uint32.o
 .text          0x0000000000000000        0x0 ./Drivers/Keyboard.o
 .data          0x0000000000000000        0x0 ./Drivers/Keyboard.o
 .bss           0x0000000000000000        0x0 ./Drivers/Keyboard.o
 .text.get_multi_byte_make_code_index
                0x0000000000000000       0x2c ./Drivers/Keyboard.o
 .text.get_single_byte_make_code_index
                0x0000000000000000       0x2c ./Drivers/Keyboard.o
 .text.get_next_state
                0x0000000000000000      0x144 ./Drivers/Keyboard.o
 .text.Keyboard_Decode
                0x0000000000000000       0xd0 ./Drivers/Keyboard.o
 .text.Keyboard_SetRate
                0x0000000000000000       0x5c ./Drivers/Keyboard.o
 .text.Keyboard_TranslateCode
                0x0000000000000000       0x80 ./Drivers/Keyboard.o
 .text.Keyboard_Reset
                0x0000000000000000       0x60 ./Drivers/Keyboard.o
 .data.ascii_codes
                0x0000000000000000       0x66 ./Drivers/Keyboard.o
 .data.key_table
                0x0000000000000000      0x198 ./Drivers/Keyboard.o
 .data.multi_byte_make_code
                0x0000000000000000       0x66 ./Drivers/Keyboard.o
 .data.single_byte_make_code
                0x0000000000000000       0x66 ./Drivers/Keyboard.o
 .rodata.str1.4
                0x0000000000000000      0x236 ./Drivers/Keyboard.o
 .sbss.state.2086
                0x0000000000000000        0x4 ./Drivers/Keyboard.o
 .comment       0x0000000000000000       0x3a ./Drivers/Keyboard.o
 .text          0x0000000000000000        0x0 ./Drivers/PS2.o
 .data          0x0000000000000000        0x0 ./Drivers/PS2.o
 .bss           0x0000000000000000        0x0 ./Drivers/PS2.o
 .text.PS2_EnableInterrupts
                0x0000000000000000       0x10 ./Drivers/PS2.o
 .text.PS2_DisableInterrupts
                0x0000000000000000       0x10 ./Drivers/PS2.o
 .text.PS2_WriteByte
                0x0000000000000000       0x20 ./Drivers/PS2.o
 .text.PS2_ReadByteTimeout
                0x0000000000000000       0x44 ./Drivers/PS2.o
 .text.PS2_WaitAck
                0x0000000000000000       0x5c ./Drivers/PS2.o
 .text.PS2_WriteByteWithAck
                0x0000000000000000       0x34 ./Drivers/PS2.o
 .text.PS2_Init
                0x0000000000000000       0xc0 ./Drivers/PS2.o
 .text.PS2_ReadByte
                0x0000000000000000       0x20 ./Drivers/PS2.o
 .text.PS2_ClearFifo
                0x0000000000000000       0x10 ./Drivers/PS2.o
 .text.PS2_ReadByter
                0x0000000000000000       0x64 ./Drivers/PS2.o
 .text.PS2_WriteBytes
                0x0000000000000000       0x30 ./Drivers/PS2.o
 .comment       0x0000000000000000       0x3a ./Drivers/PS2.o
 .text          0x0000000000000000        0x0 ./main.o
 .data          0x0000000000000000        0x0 ./main.o
 .bss           0x0000000000000000        0x0 ./main.o
 .text.fillScreenTest
                0x0000000000000000       0x98 ./main.o
 .text.keyboardTest
                0x0000000000000000      0x158 ./main.o
 .text.runningLed
                0x0000000000000000       0x30 ./main.o
 .text.fiboLeds
                0x0000000000000000       0x54 ./main.o
 .text.dualCoreTest
                0x0000000000000000       0xa4 ./main.o
 .text.mandelbrot
                0x0000000000000000      0x21c ./main.o
 .text.interactiveMandelbrot
                0x0000000000000000      0x1bc ./main.o
 .text.mandelbrot1
                0x0000000000000000      0x1bc ./main.o
 .text.mandelbrot2
                0x0000000000000000      0x2f0 ./main.o
 .comment       0x0000000000000000       0x3a ./main.o
 .text          0x0000000000000000        0x0 ./start.o
 .data          0x0000000000000000        0x0 ./start.o
 .bss           0x0000000000000000        0x0 ./start.o
 .text          0x0000000000000000        0x0 c:/users/tobias/appdata/roaming/gnu mcu eclipse/risc-v embedded gcc/8.1.0-2-20181019-0952/bin/../lib/gcc/riscv-none-embed/8.1.0/rv32im/ilp32\libgcc.a(_clzsi2.o)
 .data          0x0000000000000000        0x0 c:/users/tobias/appdata/roaming/gnu mcu eclipse/risc-v embedded gcc/8.1.0-2-20181019-0952/bin/../lib/gcc/riscv-none-embed/8.1.0/rv32im/ilp32\libgcc.a(_clzsi2.o)
 .bss           0x0000000000000000        0x0 c:/users/tobias/appdata/roaming/gnu mcu eclipse/risc-v embedded gcc/8.1.0-2-20181019-0952/bin/../lib/gcc/riscv-none-embed/8.1.0/rv32im/ilp32\libgcc.a(_clzsi2.o)
 .text.__clzsi2
                0x0000000000000000       0x94 c:/users/tobias/appdata/roaming/gnu mcu eclipse/risc-v embedded gcc/8.1.0-2-20181019-0952/bin/../lib/gcc/riscv-none-embed/8.1.0/rv32im/ilp32\libgcc.a(_clzsi2.o)
 .debug_frame   0x0000000000000000       0x20 c:/users/tobias/appdata/roaming/gnu mcu eclipse/risc-v embedded gcc/8.1.0-2-20181019-0952/bin/../lib/gcc/riscv-none-embed/8.1.0/rv32im/ilp32\libgcc.a(_clzsi2.o)
 .text          0x0000000000000000        0x0 c:/users/tobias/appdata/roaming/gnu mcu eclipse/risc-v embedded gcc/8.1.0-2-20181019-0952/bin/../lib/gcc/riscv-none-embed/8.1.0/rv32im/ilp32\libgcc.a(_divdi3.o)
 .data          0x0000000000000000        0x0 c:/users/tobias/appdata/roaming/gnu mcu eclipse/risc-v embedded gcc/8.1.0-2-20181019-0952/bin/../lib/gcc/riscv-none-embed/8.1.0/rv32im/ilp32\libgcc.a(_divdi3.o)
 .bss           0x0000000000000000        0x0 c:/users/tobias/appdata/roaming/gnu mcu eclipse/risc-v embedded gcc/8.1.0-2-20181019-0952/bin/../lib/gcc/riscv-none-embed/8.1.0/rv32im/ilp32\libgcc.a(_divdi3.o)
 .text.__divdi3
                0x0000000000000000      0x4ec c:/users/tobias/appdata/roaming/gnu mcu eclipse/risc-v embedded gcc/8.1.0-2-20181019-0952/bin/../lib/gcc/riscv-none-embed/8.1.0/rv32im/ilp32\libgcc.a(_divdi3.o)
 .eh_frame      0x0000000000000000       0x28 c:/users/tobias/appdata/roaming/gnu mcu eclipse/risc-v embedded gcc/8.1.0-2-20181019-0952/bin/../lib/gcc/riscv-none-embed/8.1.0/rv32im/ilp32\libgcc.a(_divdi3.o)
 .text          0x0000000000000000        0x0 c:/users/tobias/appdata/roaming/gnu mcu eclipse/risc-v embedded gcc/8.1.0-2-20181019-0952/bin/../lib/gcc/riscv-none-embed/8.1.0/rv32im/ilp32\libgcc.a(_clz.o)
 .data          0x0000000000000000        0x0 c:/users/tobias/appdata/roaming/gnu mcu eclipse/risc-v embedded gcc/8.1.0-2-20181019-0952/bin/../lib/gcc/riscv-none-embed/8.1.0/rv32im/ilp32\libgcc.a(_clz.o)
 .bss           0x0000000000000000        0x0 c:/users/tobias/appdata/roaming/gnu mcu eclipse/risc-v embedded gcc/8.1.0-2-20181019-0952/bin/../lib/gcc/riscv-none-embed/8.1.0/rv32im/ilp32\libgcc.a(_clz.o)
 .rodata.__clz_tab
                0x0000000000000000      0x100 c:/users/tobias/appdata/roaming/gnu mcu eclipse/risc-v embedded gcc/8.1.0-2-20181019-0952/bin/../lib/gcc/riscv-none-embed/8.1.0/rv32im/ilp32\libgcc.a(_clz.o)
 .text          0x0000000000000000        0x0 c:/users/tobias/appdata/roaming/gnu mcu eclipse/risc-v embedded gcc/8.1.0-2-20181019-0952/bin/../lib/gcc/riscv-none-embed/8.1.0/../../../../riscv-none-embed/lib/rv32im/ilp32\libg.a(lib_a-getchar.o)
 .data          0x0000000000000000        0x0 c:/users/tobias/appdata/roaming/gnu mcu eclipse/risc-v embedded gcc/8.1.0-2-20181019-0952/bin/../lib/gcc/riscv-none-embed/8.1.0/../../../../riscv-none-embed/lib/rv32im/ilp32\libg.a(lib_a-getchar.o)
 .bss           0x0000000000000000        0x0 c:/users/tobias/appdata/roaming/gnu mcu eclipse/risc-v embedded gcc/8.1.0-2-20181019-0952/bin/../lib/gcc/riscv-none-embed/8.1.0/../../../../riscv-none-embed/lib/rv32im/ilp32\libg.a(lib_a-getchar.o)
 .text._getchar_r
                0x0000000000000000        0xc c:/users/tobias/appdata/roaming/gnu mcu eclipse/risc-v embedded gcc/8.1.0-2-20181019-0952/bin/../lib/gcc/riscv-none-embed/8.1.0/../../../../riscv-none-embed/lib/rv32im/ilp32\libg.a(lib_a-getchar.o)
 .text          0x0000000000000000        0x0 c:/users/tobias/appdata/roaming/gnu mcu eclipse/risc-v embedded gcc/8.1.0-2-20181019-0952/bin/../lib/gcc/riscv-none-embed/8.1.0/../../../../riscv-none-embed/lib/rv32im/ilp32\libg.a(lib_a-impure.o)
 .data          0x0000000000000000        0x0 c:/users/tobias/appdata/roaming/gnu mcu eclipse/risc-v embedded gcc/8.1.0-2-20181019-0952/bin/../lib/gcc/riscv-none-embed/8.1.0/../../../../riscv-none-embed/lib/rv32im/ilp32\libg.a(lib_a-impure.o)
 .bss           0x0000000000000000        0x0 c:/users/tobias/appdata/roaming/gnu mcu eclipse/risc-v embedded gcc/8.1.0-2-20181019-0952/bin/../lib/gcc/riscv-none-embed/8.1.0/../../../../riscv-none-embed/lib/rv32im/ilp32\libg.a(lib_a-impure.o)
 .text          0x0000000000000000        0x0 c:/users/tobias/appdata/roaming/gnu mcu eclipse/risc-v embedded gcc/8.1.0-2-20181019-0952/bin/../lib/gcc/riscv-none-embed/8.1.0/../../../../riscv-none-embed/lib/rv32im/ilp32\libg.a(lib_a-strcpy.o)
 .data          0x0000000000000000        0x0 c:/users/tobias/appdata/roaming/gnu mcu eclipse/risc-v embedded gcc/8.1.0-2-20181019-0952/bin/../lib/gcc/riscv-none-embed/8.1.0/../../../../riscv-none-embed/lib/rv32im/ilp32\libg.a(lib_a-strcpy.o)
 .bss           0x0000000000000000        0x0 c:/users/tobias/appdata/roaming/gnu mcu eclipse/risc-v embedded gcc/8.1.0-2-20181019-0952/bin/../lib/gcc/riscv-none-embed/8.1.0/../../../../riscv-none-embed/lib/rv32im/ilp32\libg.a(lib_a-strcpy.o)
 .text.strcpy   0x0000000000000000       0xb0 c:/users/tobias/appdata/roaming/gnu mcu eclipse/risc-v embedded gcc/8.1.0-2-20181019-0952/bin/../lib/gcc/riscv-none-embed/8.1.0/../../../../riscv-none-embed/lib/rv32im/ilp32\libg.a(lib_a-strcpy.o)
 .debug_frame   0x0000000000000000       0x20 c:/users/tobias/appdata/roaming/gnu mcu eclipse/risc-v embedded gcc/8.1.0-2-20181019-0952/bin/../lib/gcc/riscv-none-embed/8.1.0/../../../../riscv-none-embed/lib/rv32im/ilp32\libg.a(lib_a-strcpy.o)
 .text          0x0000000000000000        0x0 c:/users/tobias/appdata/roaming/gnu mcu eclipse/risc-v embedded gcc/8.1.0-2-20181019-0952/bin/../lib/gcc/riscv-none-embed/8.1.0/../../../../riscv-none-embed/lib/rv32im/ilp32\libg.a(lib_a-getc.o)
 .data          0x0000000000000000        0x0 c:/users/tobias/appdata/roaming/gnu mcu eclipse/risc-v embedded gcc/8.1.0-2-20181019-0952/bin/../lib/gcc/riscv-none-embed/8.1.0/../../../../riscv-none-embed/lib/rv32im/ilp32\libg.a(lib_a-getc.o)
 .bss           0x0000000000000000        0x0 c:/users/tobias/appdata/roaming/gnu mcu eclipse/risc-v embedded gcc/8.1.0-2-20181019-0952/bin/../lib/gcc/riscv-none-embed/8.1.0/../../../../riscv-none-embed/lib/rv32im/ilp32\libg.a(lib_a-getc.o)
 .text.getc     0x0000000000000000       0xf0 c:/users/tobias/appdata/roaming/gnu mcu eclipse/risc-v embedded gcc/8.1.0-2-20181019-0952/bin/../lib/gcc/riscv-none-embed/8.1.0/../../../../riscv-none-embed/lib/rv32im/ilp32\libg.a(lib_a-getc.o)
 .text          0x0000000000000000        0x0 c:/users/tobias/appdata/roaming/gnu mcu eclipse/risc-v embedded gcc/8.1.0-2-20181019-0952/bin/../lib/gcc/riscv-none-embed/8.1.0/../../../../riscv-none-embed/lib/rv32im/ilp32\libg.a(lib_a-lock.o)
 .data          0x0000000000000000        0x0 c:/users/tobias/appdata/roaming/gnu mcu eclipse/risc-v embedded gcc/8.1.0-2-20181019-0952/bin/../lib/gcc/riscv-none-embed/8.1.0/../../../../riscv-none-embed/lib/rv32im/ilp32\libg.a(lib_a-lock.o)
 .bss           0x0000000000000000        0x0 c:/users/tobias/appdata/roaming/gnu mcu eclipse/risc-v embedded gcc/8.1.0-2-20181019-0952/bin/../lib/gcc/riscv-none-embed/8.1.0/../../../../riscv-none-embed/lib/rv32im/ilp32\libg.a(lib_a-lock.o)
 .text.__retarget_lock_init
                0x0000000000000000        0x4 c:/users/tobias/appdata/roaming/gnu mcu eclipse/risc-v embedded gcc/8.1.0-2-20181019-0952/bin/../lib/gcc/riscv-none-embed/8.1.0/../../../../riscv-none-embed/lib/rv32im/ilp32\libg.a(lib_a-lock.o)
 .text.__retarget_lock_close
                0x0000000000000000        0x4 c:/users/tobias/appdata/roaming/gnu mcu eclipse/risc-v embedded gcc/8.1.0-2-20181019-0952/bin/../lib/gcc/riscv-none-embed/8.1.0/../../../../riscv-none-embed/lib/rv32im/ilp32\libg.a(lib_a-lock.o)
 .text.__retarget_lock_acquire
                0x0000000000000000        0x4 c:/users/tobias/appdata/roaming/gnu mcu eclipse/risc-v embedded gcc/8.1.0-2-20181019-0952/bin/../lib/gcc/riscv-none-embed/8.1.0/../../../../riscv-none-embed/lib/rv32im/ilp32\libg.a(lib_a-lock.o)
 .text.__retarget_lock_try_acquire
                0x0000000000000000        0x8 c:/users/tobias/appdata/roaming/gnu mcu eclipse/risc-v embedded gcc/8.1.0-2-20181019-0952/bin/../lib/gcc/riscv-none-embed/8.1.0/../../../../riscv-none-embed/lib/rv32im/ilp32\libg.a(lib_a-lock.o)
 .text.__retarget_lock_try_acquire_recursive
                0x0000000000000000        0x8 c:/users/tobias/appdata/roaming/gnu mcu eclipse/risc-v embedded gcc/8.1.0-2-20181019-0952/bin/../lib/gcc/riscv-none-embed/8.1.0/../../../../riscv-none-embed/lib/rv32im/ilp32\libg.a(lib_a-lock.o)
 .text.__retarget_lock_release
                0x0000000000000000        0x4 c:/users/tobias/appdata/roaming/gnu mcu eclipse/risc-v embedded gcc/8.1.0-2-20181019-0952/bin/../lib/gcc/riscv-none-embed/8.1.0/../../../../riscv-none-embed/lib/rv32im/ilp32\libg.a(lib_a-lock.o)
 .text          0x0000000000000000        0x0 c:/users/tobias/appdata/roaming/gnu mcu eclipse/risc-v embedded gcc/8.1.0-2-20181019-0952/bin/../lib/gcc/riscv-none-embed/8.1.0/../../../../riscv-none-embed/lib/rv32im/ilp32\libg.a(lib_a-rget.o)
 .data          0x0000000000000000        0x0 c:/users/tobias/appdata/roaming/gnu mcu eclipse/risc-v embedded gcc/8.1.0-2-20181019-0952/bin/../lib/gcc/riscv-none-embed/8.1.0/../../../../riscv-none-embed/lib/rv32im/ilp32\libg.a(lib_a-rget.o)
 .bss           0x0000000000000000        0x0 c:/users/tobias/appdata/roaming/gnu mcu eclipse/risc-v embedded gcc/8.1.0-2-20181019-0952/bin/../lib/gcc/riscv-none-embed/8.1.0/../../../../riscv-none-embed/lib/rv32im/ilp32\libg.a(lib_a-rget.o)
 .text.__srget  0x0000000000000000       0x18 c:/users/tobias/appdata/roaming/gnu mcu eclipse/risc-v embedded gcc/8.1.0-2-20181019-0952/bin/../lib/gcc/riscv-none-embed/8.1.0/../../../../riscv-none-embed/lib/rv32im/ilp32\libg.a(lib_a-rget.o)
 .text          0x0000000000000000        0x0 c:/users/tobias/appdata/roaming/gnu mcu eclipse/risc-v embedded gcc/8.1.0-2-20181019-0952/bin/../lib/gcc/riscv-none-embed/8.1.0/../../../../riscv-none-embed/lib/rv32im/ilp32\libg.a(lib_a-findfp.o)
 .data          0x0000000000000000        0x0 c:/users/tobias/appdata/roaming/gnu mcu eclipse/risc-v embedded gcc/8.1.0-2-20181019-0952/bin/../lib/gcc/riscv-none-embed/8.1.0/../../../../riscv-none-embed/lib/rv32im/ilp32\libg.a(lib_a-findfp.o)
 .bss           0x0000000000000000        0x0 c:/users/tobias/appdata/roaming/gnu mcu eclipse/risc-v embedded gcc/8.1.0-2-20181019-0952/bin/../lib/gcc/riscv-none-embed/8.1.0/../../../../riscv-none-embed/lib/rv32im/ilp32\libg.a(lib_a-findfp.o)
 .text.__fp_lock
                0x0000000000000000       0x44 c:/users/tobias/appdata/roaming/gnu mcu eclipse/risc-v embedded gcc/8.1.0-2-20181019-0952/bin/../lib/gcc/riscv-none-embed/8.1.0/../../../../riscv-none-embed/lib/rv32im/ilp32\libg.a(lib_a-findfp.o)
 .text.__fp_unlock
                0x0000000000000000       0x44 c:/users/tobias/appdata/roaming/gnu mcu eclipse/risc-v embedded gcc/8.1.0-2-20181019-0952/bin/../lib/gcc/riscv-none-embed/8.1.0/../../../../riscv-none-embed/lib/rv32im/ilp32\libg.a(lib_a-findfp.o)
 .text.__sfmoreglue
                0x0000000000000000       0x74 c:/users/tobias/appdata/roaming/gnu mcu eclipse/risc-v embedded gcc/8.1.0-2-20181019-0952/bin/../lib/gcc/riscv-none-embed/8.1.0/../../../../riscv-none-embed/lib/rv32im/ilp32\libg.a(lib_a-findfp.o)
 .text._cleanup
                0x0000000000000000       0x1c c:/users/tobias/appdata/roaming/gnu mcu eclipse/risc-v embedded gcc/8.1.0-2-20181019-0952/bin/../lib/gcc/riscv-none-embed/8.1.0/../../../../riscv-none-embed/lib/rv32im/ilp32\libg.a(lib_a-findfp.o)
 .text.__sfp    0x0000000000000000      0x150 c:/users/tobias/appdata/roaming/gnu mcu eclipse/risc-v embedded gcc/8.1.0-2-20181019-0952/bin/../lib/gcc/riscv-none-embed/8.1.0/../../../../riscv-none-embed/lib/rv32im/ilp32\libg.a(lib_a-findfp.o)
 .text.__sinit_lock_acquire
                0x0000000000000000       0x10 c:/users/tobias/appdata/roaming/gnu mcu eclipse/risc-v embedded gcc/8.1.0-2-20181019-0952/bin/../lib/gcc/riscv-none-embed/8.1.0/../../../../riscv-none-embed/lib/rv32im/ilp32\libg.a(lib_a-findfp.o)
 .text.__sinit_lock_release
                0x0000000000000000       0x10 c:/users/tobias/appdata/roaming/gnu mcu eclipse/risc-v embedded gcc/8.1.0-2-20181019-0952/bin/../lib/gcc/riscv-none-embed/8.1.0/../../../../riscv-none-embed/lib/rv32im/ilp32\libg.a(lib_a-findfp.o)
 .text.__fp_lock_all
                0x0000000000000000       0x3c c:/users/tobias/appdata/roaming/gnu mcu eclipse/risc-v embedded gcc/8.1.0-2-20181019-0952/bin/../lib/gcc/riscv-none-embed/8.1.0/../../../../riscv-none-embed/lib/rv32im/ilp32\libg.a(lib_a-findfp.o)
 .text.__fp_unlock_all
                0x0000000000000000       0x3c c:/users/tobias/appdata/roaming/gnu mcu eclipse/risc-v embedded gcc/8.1.0-2-20181019-0952/bin/../lib/gcc/riscv-none-embed/8.1.0/../../../../riscv-none-embed/lib/rv32im/ilp32\libg.a(lib_a-findfp.o)
 .text          0x0000000000000000        0x0 c:/users/tobias/appdata/roaming/gnu mcu eclipse/risc-v embedded gcc/8.1.0-2-20181019-0952/bin/../lib/gcc/riscv-none-embed/8.1.0/../../../../riscv-none-embed/lib/rv32im/ilp32\libg.a(lib_a-fwalk.o)
 .data          0x0000000000000000        0x0 c:/users/tobias/appdata/roaming/gnu mcu eclipse/risc-v embedded gcc/8.1.0-2-20181019-0952/bin/../lib/gcc/riscv-none-embed/8.1.0/../../../../riscv-none-embed/lib/rv32im/ilp32\libg.a(lib_a-fwalk.o)
 .bss           0x0000000000000000        0x0 c:/users/tobias/appdata/roaming/gnu mcu eclipse/risc-v embedded gcc/8.1.0-2-20181019-0952/bin/../lib/gcc/riscv-none-embed/8.1.0/../../../../riscv-none-embed/lib/rv32im/ilp32\libg.a(lib_a-fwalk.o)
 .text          0x0000000000000000        0x0 c:/users/tobias/appdata/roaming/gnu mcu eclipse/risc-v embedded gcc/8.1.0-2-20181019-0952/bin/../lib/gcc/riscv-none-embed/8.1.0/../../../../riscv-none-embed/lib/rv32im/ilp32\libg.a(lib_a-mallocr.o)
 .data          0x0000000000000000        0x0 c:/users/tobias/appdata/roaming/gnu mcu eclipse/risc-v embedded gcc/8.1.0-2-20181019-0952/bin/../lib/gcc/riscv-none-embed/8.1.0/../../../../riscv-none-embed/lib/rv32im/ilp32\libg.a(lib_a-mallocr.o)
 .bss           0x0000000000000000        0x0 c:/users/tobias/appdata/roaming/gnu mcu eclipse/risc-v embedded gcc/8.1.0-2-20181019-0952/bin/../lib/gcc/riscv-none-embed/8.1.0/../../../../riscv-none-embed/lib/rv32im/ilp32\libg.a(lib_a-mallocr.o)
 .data          0x0000000000000000        0x0 c:/users/tobias/appdata/roaming/gnu mcu eclipse/risc-v embedded gcc/8.1.0-2-20181019-0952/bin/../lib/gcc/riscv-none-embed/8.1.0/../../../../riscv-none-embed/lib/rv32im/ilp32\libg.a(lib_a-memset.o)
 .bss           0x0000000000000000        0x0 c:/users/tobias/appdata/roaming/gnu mcu eclipse/risc-v embedded gcc/8.1.0-2-20181019-0952/bin/../lib/gcc/riscv-none-embed/8.1.0/../../../../riscv-none-embed/lib/rv32im/ilp32\libg.a(lib_a-memset.o)
 .text          0x0000000000000000        0x0 c:/users/tobias/appdata/roaming/gnu mcu eclipse/risc-v embedded gcc/8.1.0-2-20181019-0952/bin/../lib/gcc/riscv-none-embed/8.1.0/../../../../riscv-none-embed/lib/rv32im/ilp32\libg.a(lib_a-mlock.o)
 .data          0x0000000000000000        0x0 c:/users/tobias/appdata/roaming/gnu mcu eclipse/risc-v embedded gcc/8.1.0-2-20181019-0952/bin/../lib/gcc/riscv-none-embed/8.1.0/../../../../riscv-none-embed/lib/rv32im/ilp32\libg.a(lib_a-mlock.o)
 .bss           0x0000000000000000        0x0 c:/users/tobias/appdata/roaming/gnu mcu eclipse/risc-v embedded gcc/8.1.0-2-20181019-0952/bin/../lib/gcc/riscv-none-embed/8.1.0/../../../../riscv-none-embed/lib/rv32im/ilp32\libg.a(lib_a-mlock.o)
 .text          0x0000000000000000        0x0 c:/users/tobias/appdata/roaming/gnu mcu eclipse/risc-v embedded gcc/8.1.0-2-20181019-0952/bin/../lib/gcc/riscv-none-embed/8.1.0/../../../../riscv-none-embed/lib/rv32im/ilp32\libg.a(lib_a-refill.o)
 .data          0x0000000000000000        0x0 c:/users/tobias/appdata/roaming/gnu mcu eclipse/risc-v embedded gcc/8.1.0-2-20181019-0952/bin/../lib/gcc/riscv-none-embed/8.1.0/../../../../riscv-none-embed/lib/rv32im/ilp32\libg.a(lib_a-refill.o)
 .bss           0x0000000000000000        0x0 c:/users/tobias/appdata/roaming/gnu mcu eclipse/risc-v embedded gcc/8.1.0-2-20181019-0952/bin/../lib/gcc/riscv-none-embed/8.1.0/../../../../riscv-none-embed/lib/rv32im/ilp32\libg.a(lib_a-refill.o)
 .text          0x0000000000000000        0x0 c:/users/tobias/appdata/roaming/gnu mcu eclipse/risc-v embedded gcc/8.1.0-2-20181019-0952/bin/../lib/gcc/riscv-none-embed/8.1.0/../../../../riscv-none-embed/lib/rv32im/ilp32\libg.a(lib_a-sbrkr.o)
 .data          0x0000000000000000        0x0 c:/users/tobias/appdata/roaming/gnu mcu eclipse/risc-v embedded gcc/8.1.0-2-20181019-0952/bin/../lib/gcc/riscv-none-embed/8.1.0/../../../../riscv-none-embed/lib/rv32im/ilp32\libg.a(lib_a-sbrkr.o)
 .bss           0x0000000000000000        0x0 c:/users/tobias/appdata/roaming/gnu mcu eclipse/risc-v embedded gcc/8.1.0-2-20181019-0952/bin/../lib/gcc/riscv-none-embed/8.1.0/../../../../riscv-none-embed/lib/rv32im/ilp32\libg.a(lib_a-sbrkr.o)
 .text          0x0000000000000000        0x0 c:/users/tobias/appdata/roaming/gnu mcu eclipse/risc-v embedded gcc/8.1.0-2-20181019-0952/bin/../lib/gcc/riscv-none-embed/8.1.0/../../../../riscv-none-embed/lib/rv32im/ilp32\libg.a(lib_a-stdio.o)
 .data          0x0000000000000000        0x0 c:/users/tobias/appdata/roaming/gnu mcu eclipse/risc-v embedded gcc/8.1.0-2-20181019-0952/bin/../lib/gcc/riscv-none-embed/8.1.0/../../../../riscv-none-embed/lib/rv32im/ilp32\libg.a(lib_a-stdio.o)
 .bss           0x0000000000000000        0x0 c:/users/tobias/appdata/roaming/gnu mcu eclipse/risc-v embedded gcc/8.1.0-2-20181019-0952/bin/../lib/gcc/riscv-none-embed/8.1.0/../../../../riscv-none-embed/lib/rv32im/ilp32\libg.a(lib_a-stdio.o)
 .text.__seofread
                0x0000000000000000        0x8 c:/users/tobias/appdata/roaming/gnu mcu eclipse/risc-v embedded gcc/8.1.0-2-20181019-0952/bin/../lib/gcc/riscv-none-embed/8.1.0/../../../../riscv-none-embed/lib/rv32im/ilp32\libg.a(lib_a-stdio.o)
 .text          0x0000000000000000        0x0 c:/users/tobias/appdata/roaming/gnu mcu eclipse/risc-v embedded gcc/8.1.0-2-20181019-0952/bin/../lib/gcc/riscv-none-embed/8.1.0/../../../../riscv-none-embed/lib/rv32im/ilp32\libg.a(lib_a-writer.o)
 .data          0x0000000000000000        0x0 c:/users/tobias/appdata/roaming/gnu mcu eclipse/risc-v embedded gcc/8.1.0-2-20181019-0952/bin/../lib/gcc/riscv-none-embed/8.1.0/../../../../riscv-none-embed/lib/rv32im/ilp32\libg.a(lib_a-writer.o)
 .bss           0x0000000000000000        0x0 c:/users/tobias/appdata/roaming/gnu mcu eclipse/risc-v embedded gcc/8.1.0-2-20181019-0952/bin/../lib/gcc/riscv-none-embed/8.1.0/../../../../riscv-none-embed/lib/rv32im/ilp32\libg.a(lib_a-writer.o)
 .text          0x0000000000000000        0x0 c:/users/tobias/appdata/roaming/gnu mcu eclipse/risc-v embedded gcc/8.1.0-2-20181019-0952/bin/../lib/gcc/riscv-none-embed/8.1.0/../../../../riscv-none-embed/lib/rv32im/ilp32\libg.a(lib_a-closer.o)
 .data          0x0000000000000000        0x0 c:/users/tobias/appdata/roaming/gnu mcu eclipse/risc-v embedded gcc/8.1.0-2-20181019-0952/bin/../lib/gcc/riscv-none-embed/8.1.0/../../../../riscv-none-embed/lib/rv32im/ilp32\libg.a(lib_a-closer.o)
 .bss           0x0000000000000000        0x0 c:/users/tobias/appdata/roaming/gnu mcu eclipse/risc-v embedded gcc/8.1.0-2-20181019-0952/bin/../lib/gcc/riscv-none-embed/8.1.0/../../../../riscv-none-embed/lib/rv32im/ilp32\libg.a(lib_a-closer.o)
 .text          0x0000000000000000        0x0 c:/users/tobias/appdata/roaming/gnu mcu eclipse/risc-v embedded gcc/8.1.0-2-20181019-0952/bin/../lib/gcc/riscv-none-embed/8.1.0/../../../../riscv-none-embed/lib/rv32im/ilp32\libg.a(lib_a-fclose.o)
 .data          0x0000000000000000        0x0 c:/users/tobias/appdata/roaming/gnu mcu eclipse/risc-v embedded gcc/8.1.0-2-20181019-0952/bin/../lib/gcc/riscv-none-embed/8.1.0/../../../../riscv-none-embed/lib/rv32im/ilp32\libg.a(lib_a-fclose.o)
 .bss           0x0000000000000000        0x0 c:/users/tobias/appdata/roaming/gnu mcu eclipse/risc-v embedded gcc/8.1.0-2-20181019-0952/bin/../lib/gcc/riscv-none-embed/8.1.0/../../../../riscv-none-embed/lib/rv32im/ilp32\libg.a(lib_a-fclose.o)
 .text.fclose   0x0000000000000000       0x18 c:/users/tobias/appdata/roaming/gnu mcu eclipse/risc-v embedded gcc/8.1.0-2-20181019-0952/bin/../lib/gcc/riscv-none-embed/8.1.0/../../../../riscv-none-embed/lib/rv32im/ilp32\libg.a(lib_a-fclose.o)
 .text          0x0000000000000000        0x0 c:/users/tobias/appdata/roaming/gnu mcu eclipse/risc-v embedded gcc/8.1.0-2-20181019-0952/bin/../lib/gcc/riscv-none-embed/8.1.0/../../../../riscv-none-embed/lib/rv32im/ilp32\libg.a(lib_a-fflush.o)
 .data          0x0000000000000000        0x0 c:/users/tobias/appdata/roaming/gnu mcu eclipse/risc-v embedded gcc/8.1.0-2-20181019-0952/bin/../lib/gcc/riscv-none-embed/8.1.0/../../../../riscv-none-embed/lib/rv32im/ilp32\libg.a(lib_a-fflush.o)
 .bss           0x0000000000000000        0x0 c:/users/tobias/appdata/roaming/gnu mcu eclipse/risc-v embedded gcc/8.1.0-2-20181019-0952/bin/../lib/gcc/riscv-none-embed/8.1.0/../../../../riscv-none-embed/lib/rv32im/ilp32\libg.a(lib_a-fflush.o)
 .text          0x0000000000000000        0x0 c:/users/tobias/appdata/roaming/gnu mcu eclipse/risc-v embedded gcc/8.1.0-2-20181019-0952/bin/../lib/gcc/riscv-none-embed/8.1.0/../../../../riscv-none-embed/lib/rv32im/ilp32\libg.a(lib_a-freer.o)
 .data          0x0000000000000000        0x0 c:/users/tobias/appdata/roaming/gnu mcu eclipse/risc-v embedded gcc/8.1.0-2-20181019-0952/bin/../lib/gcc/riscv-none-embed/8.1.0/../../../../riscv-none-embed/lib/rv32im/ilp32\libg.a(lib_a-freer.o)
 .bss           0x0000000000000000        0x0 c:/users/tobias/appdata/roaming/gnu mcu eclipse/risc-v embedded gcc/8.1.0-2-20181019-0952/bin/../lib/gcc/riscv-none-embed/8.1.0/../../../../riscv-none-embed/lib/rv32im/ilp32\libg.a(lib_a-freer.o)
 .text          0x0000000000000000        0x0 c:/users/tobias/appdata/roaming/gnu mcu eclipse/risc-v embedded gcc/8.1.0-2-20181019-0952/bin/../lib/gcc/riscv-none-embed/8.1.0/../../../../riscv-none-embed/lib/rv32im/ilp32\libg.a(lib_a-lseekr.o)
 .data          0x0000000000000000        0x0 c:/users/tobias/appdata/roaming/gnu mcu eclipse/risc-v embedded gcc/8.1.0-2-20181019-0952/bin/../lib/gcc/riscv-none-embed/8.1.0/../../../../riscv-none-embed/lib/rv32im/ilp32\libg.a(lib_a-lseekr.o)
 .bss           0x0000000000000000        0x0 c:/users/tobias/appdata/roaming/gnu mcu eclipse/risc-v embedded gcc/8.1.0-2-20181019-0952/bin/../lib/gcc/riscv-none-embed/8.1.0/../../../../riscv-none-embed/lib/rv32im/ilp32\libg.a(lib_a-lseekr.o)
 .text          0x0000000000000000        0x0 c:/users/tobias/appdata/roaming/gnu mcu eclipse/risc-v embedded gcc/8.1.0-2-20181019-0952/bin/../lib/gcc/riscv-none-embed/8.1.0/../../../../riscv-none-embed/lib/rv32im/ilp32\libg.a(lib_a-makebuf.o)
 .data          0x0000000000000000        0x0 c:/users/tobias/appdata/roaming/gnu mcu eclipse/risc-v embedded gcc/8.1.0-2-20181019-0952/bin/../lib/gcc/riscv-none-embed/8.1.0/../../../../riscv-none-embed/lib/rv32im/ilp32\libg.a(lib_a-makebuf.o)
 .bss           0x0000000000000000        0x0 c:/users/tobias/appdata/roaming/gnu mcu eclipse/risc-v embedded gcc/8.1.0-2-20181019-0952/bin/../lib/gcc/riscv-none-embed/8.1.0/../../../../riscv-none-embed/lib/rv32im/ilp32\libg.a(lib_a-makebuf.o)
 .text          0x0000000000000000        0x0 c:/users/tobias/appdata/roaming/gnu mcu eclipse/risc-v embedded gcc/8.1.0-2-20181019-0952/bin/../lib/gcc/riscv-none-embed/8.1.0/../../../../riscv-none-embed/lib/rv32im/ilp32\libg.a(lib_a-readr.o)
 .data          0x0000000000000000        0x0 c:/users/tobias/appdata/roaming/gnu mcu eclipse/risc-v embedded gcc/8.1.0-2-20181019-0952/bin/../lib/gcc/riscv-none-embed/8.1.0/../../../../riscv-none-embed/lib/rv32im/ilp32\libg.a(lib_a-readr.o)
 .bss           0x0000000000000000        0x0 c:/users/tobias/appdata/roaming/gnu mcu eclipse/risc-v embedded gcc/8.1.0-2-20181019-0952/bin/../lib/gcc/riscv-none-embed/8.1.0/../../../../riscv-none-embed/lib/rv32im/ilp32\libg.a(lib_a-readr.o)
 .text          0x0000000000000000        0x0 c:/users/tobias/appdata/roaming/gnu mcu eclipse/risc-v embedded gcc/8.1.0-2-20181019-0952/bin/../lib/gcc/riscv-none-embed/8.1.0/../../../../riscv-none-embed/lib/rv32im/ilp32\libg.a(lib_a-reent.o)
 .data          0x0000000000000000        0x0 c:/users/tobias/appdata/roaming/gnu mcu eclipse/risc-v embedded gcc/8.1.0-2-20181019-0952/bin/../lib/gcc/riscv-none-embed/8.1.0/../../../../riscv-none-embed/lib/rv32im/ilp32\libg.a(lib_a-reent.o)
 .bss           0x0000000000000000        0x0 c:/users/tobias/appdata/roaming/gnu mcu eclipse/risc-v embedded gcc/8.1.0-2-20181019-0952/bin/../lib/gcc/riscv-none-embed/8.1.0/../../../../riscv-none-embed/lib/rv32im/ilp32\libg.a(lib_a-reent.o)
 .text.cleanup_glue
                0x0000000000000000       0x48 c:/users/tobias/appdata/roaming/gnu mcu eclipse/risc-v embedded gcc/8.1.0-2-20181019-0952/bin/../lib/gcc/riscv-none-embed/8.1.0/../../../../riscv-none-embed/lib/rv32im/ilp32\libg.a(lib_a-reent.o)
 .text._reclaim_reent
                0x0000000000000000      0x12c c:/users/tobias/appdata/roaming/gnu mcu eclipse/risc-v embedded gcc/8.1.0-2-20181019-0952/bin/../lib/gcc/riscv-none-embed/8.1.0/../../../../riscv-none-embed/lib/rv32im/ilp32\libg.a(lib_a-reent.o)
 .text          0x0000000000000000        0x0 c:/users/tobias/appdata/roaming/gnu mcu eclipse/risc-v embedded gcc/8.1.0-2-20181019-0952/bin/../lib/gcc/riscv-none-embed/8.1.0/../../../../riscv-none-embed/lib/rv32im/ilp32\libg.a(lib_a-fstatr.o)
 .data          0x0000000000000000        0x0 c:/users/tobias/appdata/roaming/gnu mcu eclipse/risc-v embedded gcc/8.1.0-2-20181019-0952/bin/../lib/gcc/riscv-none-embed/8.1.0/../../../../riscv-none-embed/lib/rv32im/ilp32\libg.a(lib_a-fstatr.o)
 .bss           0x0000000000000000        0x0 c:/users/tobias/appdata/roaming/gnu mcu eclipse/risc-v embedded gcc/8.1.0-2-20181019-0952/bin/../lib/gcc/riscv-none-embed/8.1.0/../../../../riscv-none-embed/lib/rv32im/ilp32\libg.a(lib_a-fstatr.o)
 .text          0x0000000000000000        0x0 c:/users/tobias/appdata/roaming/gnu mcu eclipse/risc-v embedded gcc/8.1.0-2-20181019-0952/bin/../lib/gcc/riscv-none-embed/8.1.0/../../../../riscv-none-embed/lib/rv32im/ilp32\libg.a(lib_a-isattyr.o)
 .data          0x0000000000000000        0x0 c:/users/tobias/appdata/roaming/gnu mcu eclipse/risc-v embedded gcc/8.1.0-2-20181019-0952/bin/../lib/gcc/riscv-none-embed/8.1.0/../../../../riscv-none-embed/lib/rv32im/ilp32\libg.a(lib_a-isattyr.o)
 .bss           0x0000000000000000        0x0 c:/users/tobias/appdata/roaming/gnu mcu eclipse/risc-v embedded gcc/8.1.0-2-20181019-0952/bin/../lib/gcc/riscv-none-embed/8.1.0/../../../../riscv-none-embed/lib/rv32im/ilp32\libg.a(lib_a-isattyr.o)
 .text          0x0000000000000000        0x0 c:/users/tobias/appdata/roaming/gnu mcu eclipse/risc-v embedded gcc/8.1.0-2-20181019-0952/bin/../lib/gcc/riscv-none-embed/8.1.0/../../../../riscv-none-embed/lib/rv32im/ilp32\libnosys.a(close.o)
 .data          0x0000000000000000        0x0 c:/users/tobias/appdata/roaming/gnu mcu eclipse/risc-v embedded gcc/8.1.0-2-20181019-0952/bin/../lib/gcc/riscv-none-embed/8.1.0/../../../../riscv-none-embed/lib/rv32im/ilp32\libnosys.a(close.o)
 .bss           0x0000000000000000        0x0 c:/users/tobias/appdata/roaming/gnu mcu eclipse/risc-v embedded gcc/8.1.0-2-20181019-0952/bin/../lib/gcc/riscv-none-embed/8.1.0/../../../../riscv-none-embed/lib/rv32im/ilp32\libnosys.a(close.o)
 .text          0x0000000000000000        0x0 c:/users/tobias/appdata/roaming/gnu mcu eclipse/risc-v embedded gcc/8.1.0-2-20181019-0952/bin/../lib/gcc/riscv-none-embed/8.1.0/../../../../riscv-none-embed/lib/rv32im/ilp32\libnosys.a(fstat.o)
 .data          0x0000000000000000        0x0 c:/users/tobias/appdata/roaming/gnu mcu eclipse/risc-v embedded gcc/8.1.0-2-20181019-0952/bin/../lib/gcc/riscv-none-embed/8.1.0/../../../../riscv-none-embed/lib/rv32im/ilp32\libnosys.a(fstat.o)
 .bss           0x0000000000000000        0x0 c:/users/tobias/appdata/roaming/gnu mcu eclipse/risc-v embedded gcc/8.1.0-2-20181019-0952/bin/../lib/gcc/riscv-none-embed/8.1.0/../../../../riscv-none-embed/lib/rv32im/ilp32\libnosys.a(fstat.o)
 .text          0x0000000000000000        0x0 c:/users/tobias/appdata/roaming/gnu mcu eclipse/risc-v embedded gcc/8.1.0-2-20181019-0952/bin/../lib/gcc/riscv-none-embed/8.1.0/../../../../riscv-none-embed/lib/rv32im/ilp32\libnosys.a(isatty.o)
 .data          0x0000000000000000        0x0 c:/users/tobias/appdata/roaming/gnu mcu eclipse/risc-v embedded gcc/8.1.0-2-20181019-0952/bin/../lib/gcc/riscv-none-embed/8.1.0/../../../../riscv-none-embed/lib/rv32im/ilp32\libnosys.a(isatty.o)
 .bss           0x0000000000000000        0x0 c:/users/tobias/appdata/roaming/gnu mcu eclipse/risc-v embedded gcc/8.1.0-2-20181019-0952/bin/../lib/gcc/riscv-none-embed/8.1.0/../../../../riscv-none-embed/lib/rv32im/ilp32\libnosys.a(isatty.o)
 .text          0x0000000000000000        0x0 c:/users/tobias/appdata/roaming/gnu mcu eclipse/risc-v embedded gcc/8.1.0-2-20181019-0952/bin/../lib/gcc/riscv-none-embed/8.1.0/../../../../riscv-none-embed/lib/rv32im/ilp32\libnosys.a(lseek.o)
 .data          0x0000000000000000        0x0 c:/users/tobias/appdata/roaming/gnu mcu eclipse/risc-v embedded gcc/8.1.0-2-20181019-0952/bin/../lib/gcc/riscv-none-embed/8.1.0/../../../../riscv-none-embed/lib/rv32im/ilp32\libnosys.a(lseek.o)
 .bss           0x0000000000000000        0x0 c:/users/tobias/appdata/roaming/gnu mcu eclipse/risc-v embedded gcc/8.1.0-2-20181019-0952/bin/../lib/gcc/riscv-none-embed/8.1.0/../../../../riscv-none-embed/lib/rv32im/ilp32\libnosys.a(lseek.o)
 .text          0x0000000000000000        0x0 c:/users/tobias/appdata/roaming/gnu mcu eclipse/risc-v embedded gcc/8.1.0-2-20181019-0952/bin/../lib/gcc/riscv-none-embed/8.1.0/../../../../riscv-none-embed/lib/rv32im/ilp32\libnosys.a(read.o)
 .data          0x0000000000000000        0x0 c:/users/tobias/appdata/roaming/gnu mcu eclipse/risc-v embedded gcc/8.1.0-2-20181019-0952/bin/../lib/gcc/riscv-none-embed/8.1.0/../../../../riscv-none-embed/lib/rv32im/ilp32\libnosys.a(read.o)
 .bss           0x0000000000000000        0x0 c:/users/tobias/appdata/roaming/gnu mcu eclipse/risc-v embedded gcc/8.1.0-2-20181019-0952/bin/../lib/gcc/riscv-none-embed/8.1.0/../../../../riscv-none-embed/lib/rv32im/ilp32\libnosys.a(read.o)
 .text          0x0000000000000000        0x0 c:/users/tobias/appdata/roaming/gnu mcu eclipse/risc-v embedded gcc/8.1.0-2-20181019-0952/bin/../lib/gcc/riscv-none-embed/8.1.0/../../../../riscv-none-embed/lib/rv32im/ilp32\libnosys.a(sbrk.o)
 .data          0x0000000000000000        0x0 c:/users/tobias/appdata/roaming/gnu mcu eclipse/risc-v embedded gcc/8.1.0-2-20181019-0952/bin/../lib/gcc/riscv-none-embed/8.1.0/../../../../riscv-none-embed/lib/rv32im/ilp32\libnosys.a(sbrk.o)
 .bss           0x0000000000000000        0x0 c:/users/tobias/appdata/roaming/gnu mcu eclipse/risc-v embedded gcc/8.1.0-2-20181019-0952/bin/../lib/gcc/riscv-none-embed/8.1.0/../../../../riscv-none-embed/lib/rv32im/ilp32\libnosys.a(sbrk.o)
 .text          0x0000000000000000        0x0 c:/users/tobias/appdata/roaming/gnu mcu eclipse/risc-v embedded gcc/8.1.0-2-20181019-0952/bin/../lib/gcc/riscv-none-embed/8.1.0/../../../../riscv-none-embed/lib/rv32im/ilp32\libnosys.a(write.o)
 .data          0x0000000000000000        0x0 c:/users/tobias/appdata/roaming/gnu mcu eclipse/risc-v embedded gcc/8.1.0-2-20181019-0952/bin/../lib/gcc/riscv-none-embed/8.1.0/../../../../riscv-none-embed/lib/rv32im/ilp32\libnosys.a(write.o)
 .bss           0x0000000000000000        0x0 c:/users/tobias/appdata/roaming/gnu mcu eclipse/risc-v embedded gcc/8.1.0-2-20181019-0952/bin/../lib/gcc/riscv-none-embed/8.1.0/../../../../riscv-none-embed/lib/rv32im/ilp32\libnosys.a(write.o)

Memory Configuration

Name             Origin             Length             Attributes
ROM              0x0000000000000000 0x0000000000100000 xr
RAM              0x0000000002000000 0x0000000000004000 rw
SRAM             0x0000000004000000 0x0000000002000000 rw
*default*        0x0000000000000000 0xffffffffffffffff

Linker script and memory map

LOAD ./libfixmath/fix16.o
LOAD ./libfixmath/fix16_exp.o
LOAD ./libfixmath/fix16_sqrt.o
LOAD ./libfixmath/fix16_trig.o
LOAD ./libfixmath/fract32.o
LOAD ./libfixmath/uint32.o
LOAD ./Drivers/Keyboard.o
LOAD ./Drivers/PS2.o
LOAD ./main.o
LOAD ./start.o
LOAD c:/users/tobias/appdata/roaming/gnu mcu eclipse/risc-v embedded gcc/8.1.0-2-20181019-0952/bin/../lib/gcc/riscv-none-embed/8.1.0/rv32im/ilp32\libgcc.a
START GROUP
LOAD c:/users/tobias/appdata/roaming/gnu mcu eclipse/risc-v embedded gcc/8.1.0-2-20181019-0952/bin/../lib/gcc/riscv-none-embed/8.1.0/rv32im/ilp32\libgcc.a
LOAD c:/users/tobias/appdata/roaming/gnu mcu eclipse/risc-v embedded gcc/8.1.0-2-20181019-0952/bin/../lib/gcc/riscv-none-embed/8.1.0/../../../../riscv-none-embed/lib/rv32im/ilp32\libg.a
LOAD c:/users/tobias/appdata/roaming/gnu mcu eclipse/risc-v embedded gcc/8.1.0-2-20181019-0952/bin/../lib/gcc/riscv-none-embed/8.1.0/../../../../riscv-none-embed/lib/rv32im/ilp32\libc.a
END GROUP
LOAD c:/users/tobias/appdata/roaming/gnu mcu eclipse/risc-v embedded gcc/8.1.0-2-20181019-0952/bin/../lib/gcc/riscv-none-embed/8.1.0/rv32im/ilp32\libgcc.a
START GROUP
LOAD c:/users/tobias/appdata/roaming/gnu mcu eclipse/risc-v embedded gcc/8.1.0-2-20181019-0952/bin/../lib/gcc/riscv-none-embed/8.1.0/rv32im/ilp32\libgcc.a
LOAD c:/users/tobias/appdata/roaming/gnu mcu eclipse/risc-v embedded gcc/8.1.0-2-20181019-0952/bin/../lib/gcc/riscv-none-embed/8.1.0/../../../../riscv-none-embed/lib/rv32im/ilp32\libc.a
LOAD c:/users/tobias/appdata/roaming/gnu mcu eclipse/risc-v embedded gcc/8.1.0-2-20181019-0952/bin/../lib/gcc/riscv-none-embed/8.1.0/../../../../riscv-none-embed/lib/rv32im/ilp32\libnosys.a
END GROUP

.text           0x0000000000000000     0x2000
 *(.init)
 .init          0x0000000000000000       0x2c ./start.o
                0x0000000000000000                _start
 *(.text*)
 .text.startup.main
                0x000000000000002c       0x60 ./main.o
                0x000000000000002c                main
 .text.getchar  0x000000000000008c       0x14 c:/users/tobias/appdata/roaming/gnu mcu eclipse/risc-v embedded gcc/8.1.0-2-20181019-0952/bin/../lib/gcc/riscv-none-embed/8.1.0/../../../../riscv-none-embed/lib/rv32im/ilp32\libg.a(lib_a-getchar.o)
                0x000000000000008c                getchar
 .text._getc_r  0x00000000000000a0       0xd4 c:/users/tobias/appdata/roaming/gnu mcu eclipse/risc-v embedded gcc/8.1.0-2-20181019-0952/bin/../lib/gcc/riscv-none-embed/8.1.0/../../../../riscv-none-embed/lib/rv32im/ilp32\libg.a(lib_a-getc.o)
                0x00000000000000a0                _getc_r
 .text.__retarget_lock_init_recursive
                0x0000000000000174        0x4 c:/users/tobias/appdata/roaming/gnu mcu eclipse/risc-v embedded gcc/8.1.0-2-20181019-0952/bin/../lib/gcc/riscv-none-embed/8.1.0/../../../../riscv-none-embed/lib/rv32im/ilp32\libg.a(lib_a-lock.o)
                0x0000000000000174                __retarget_lock_init_recursive
 .text.__retarget_lock_close_recursive
                0x0000000000000178        0x4 c:/users/tobias/appdata/roaming/gnu mcu eclipse/risc-v embedded gcc/8.1.0-2-20181019-0952/bin/../lib/gcc/riscv-none-embed/8.1.0/../../../../riscv-none-embed/lib/rv32im/ilp32\libg.a(lib_a-lock.o)
                0x0000000000000178                __retarget_lock_close_recursive
 .text.__retarget_lock_acquire_recursive
                0x000000000000017c        0x4 c:/users/tobias/appdata/roaming/gnu mcu eclipse/risc-v embedded gcc/8.1.0-2-20181019-0952/bin/../lib/gcc/riscv-none-embed/8.1.0/../../../../riscv-none-embed/lib/rv32im/ilp32\libg.a(lib_a-lock.o)
                0x000000000000017c                __retarget_lock_acquire_recursive
 .text.__retarget_lock_release_recursive
                0x0000000000000180        0x4 c:/users/tobias/appdata/roaming/gnu mcu eclipse/risc-v embedded gcc/8.1.0-2-20181019-0952/bin/../lib/gcc/riscv-none-embed/8.1.0/../../../../riscv-none-embed/lib/rv32im/ilp32\libg.a(lib_a-lock.o)
                0x0000000000000180                __retarget_lock_release_recursive
 .text.__srget_r
                0x0000000000000184       0x74 c:/users/tobias/appdata/roaming/gnu mcu eclipse/risc-v embedded gcc/8.1.0-2-20181019-0952/bin/../lib/gcc/riscv-none-embed/8.1.0/../../../../riscv-none-embed/lib/rv32im/ilp32\libg.a(lib_a-rget.o)
                0x0000000000000184                __srget_r
 .text.std      0x00000000000001f8       0x8c c:/users/tobias/appdata/roaming/gnu mcu eclipse/risc-v embedded gcc/8.1.0-2-20181019-0952/bin/../lib/gcc/riscv-none-embed/8.1.0/../../../../riscv-none-embed/lib/rv32im/ilp32\libg.a(lib_a-findfp.o)
 .text._cleanup_r
                0x0000000000000284        0xc c:/users/tobias/appdata/roaming/gnu mcu eclipse/risc-v embedded gcc/8.1.0-2-20181019-0952/bin/../lib/gcc/riscv-none-embed/8.1.0/../../../../riscv-none-embed/lib/rv32im/ilp32\libg.a(lib_a-findfp.o)
                0x0000000000000284                _cleanup_r
 .text.__sinit  0x0000000000000290       0x94 c:/users/tobias/appdata/roaming/gnu mcu eclipse/risc-v embedded gcc/8.1.0-2-20181019-0952/bin/../lib/gcc/riscv-none-embed/8.1.0/../../../../riscv-none-embed/lib/rv32im/ilp32\libg.a(lib_a-findfp.o)
                0x0000000000000290                __sinit
 .text.__sfp_lock_acquire
                0x0000000000000324        0xc c:/users/tobias/appdata/roaming/gnu mcu eclipse/risc-v embedded gcc/8.1.0-2-20181019-0952/bin/../lib/gcc/riscv-none-embed/8.1.0/../../../../riscv-none-embed/lib/rv32im/ilp32\libg.a(lib_a-findfp.o)
                0x0000000000000324                __sfp_lock_acquire
 .text.__sfp_lock_release
                0x0000000000000330        0xc c:/users/tobias/appdata/roaming/gnu mcu eclipse/risc-v embedded gcc/8.1.0-2-20181019-0952/bin/../lib/gcc/riscv-none-embed/8.1.0/../../../../riscv-none-embed/lib/rv32im/ilp32\libg.a(lib_a-findfp.o)
                0x0000000000000330                __sfp_lock_release
 .text._fwalk   0x000000000000033c       0xb0 c:/users/tobias/appdata/roaming/gnu mcu eclipse/risc-v embedded gcc/8.1.0-2-20181019-0952/bin/../lib/gcc/riscv-none-embed/8.1.0/../../../../riscv-none-embed/lib/rv32im/ilp32\libg.a(lib_a-fwalk.o)
                0x000000000000033c                _fwalk
 .text._fwalk_reent
                0x00000000000003ec       0xc0 c:/users/tobias/appdata/roaming/gnu mcu eclipse/risc-v embedded gcc/8.1.0-2-20181019-0952/bin/../lib/gcc/riscv-none-embed/8.1.0/../../../../riscv-none-embed/lib/rv32im/ilp32\libg.a(lib_a-fwalk.o)
                0x00000000000003ec                _fwalk_reent
 .text._malloc_r
                0x00000000000004ac      0x83c c:/users/tobias/appdata/roaming/gnu mcu eclipse/risc-v embedded gcc/8.1.0-2-20181019-0952/bin/../lib/gcc/riscv-none-embed/8.1.0/../../../../riscv-none-embed/lib/rv32im/ilp32\libg.a(lib_a-mallocr.o)
                0x00000000000004ac                _malloc_r
 .text          0x0000000000000ce8       0xdc c:/users/tobias/appdata/roaming/gnu mcu eclipse/risc-v embedded gcc/8.1.0-2-20181019-0952/bin/../lib/gcc/riscv-none-embed/8.1.0/../../../../riscv-none-embed/lib/rv32im/ilp32\libg.a(lib_a-memset.o)
                0x0000000000000ce8                memset
 .text.__malloc_lock
                0x0000000000000dc4        0xc c:/users/tobias/appdata/roaming/gnu mcu eclipse/risc-v embedded gcc/8.1.0-2-20181019-0952/bin/../lib/gcc/riscv-none-embed/8.1.0/../../../../riscv-none-embed/lib/rv32im/ilp32\libg.a(lib_a-mlock.o)
                0x0000000000000dc4                __malloc_lock
 .text.__malloc_unlock
                0x0000000000000dd0        0xc c:/users/tobias/appdata/roaming/gnu mcu eclipse/risc-v embedded gcc/8.1.0-2-20181019-0952/bin/../lib/gcc/riscv-none-embed/8.1.0/../../../../riscv-none-embed/lib/rv32im/ilp32\libg.a(lib_a-mlock.o)
                0x0000000000000dd0                __malloc_unlock
 .text.lflush   0x0000000000000ddc       0x1c c:/users/tobias/appdata/roaming/gnu mcu eclipse/risc-v embedded gcc/8.1.0-2-20181019-0952/bin/../lib/gcc/riscv-none-embed/8.1.0/../../../../riscv-none-embed/lib/rv32im/ilp32\libg.a(lib_a-refill.o)
 .text.__srefill_r
                0x0000000000000df8      0x208 c:/users/tobias/appdata/roaming/gnu mcu eclipse/risc-v embedded gcc/8.1.0-2-20181019-0952/bin/../lib/gcc/riscv-none-embed/8.1.0/../../../../riscv-none-embed/lib/rv32im/ilp32\libg.a(lib_a-refill.o)
                0x0000000000000df8                __srefill_r
 .text._sbrk_r  0x0000000000001000       0x5c c:/users/tobias/appdata/roaming/gnu mcu eclipse/risc-v embedded gcc/8.1.0-2-20181019-0952/bin/../lib/gcc/riscv-none-embed/8.1.0/../../../../riscv-none-embed/lib/rv32im/ilp32\libg.a(lib_a-sbrkr.o)
                0x0000000000001000                _sbrk_r
 .text.__sread  0x000000000000105c       0x5c c:/users/tobias/appdata/roaming/gnu mcu eclipse/risc-v embedded gcc/8.1.0-2-20181019-0952/bin/../lib/gcc/riscv-none-embed/8.1.0/../../../../riscv-none-embed/lib/rv32im/ilp32\libg.a(lib_a-stdio.o)
                0x000000000000105c                __sread
 .text.__swrite
                0x00000000000010b8       0x88 c:/users/tobias/appdata/roaming/gnu mcu eclipse/risc-v embedded gcc/8.1.0-2-20181019-0952/bin/../lib/gcc/riscv-none-embed/8.1.0/../../../../riscv-none-embed/lib/rv32im/ilp32\libg.a(lib_a-stdio.o)
                0x00000000000010b8                __swrite
 .text.__sseek  0x0000000000001140       0x68 c:/users/tobias/appdata/roaming/gnu mcu eclipse/risc-v embedded gcc/8.1.0-2-20181019-0952/bin/../lib/gcc/riscv-none-embed/8.1.0/../../../../riscv-none-embed/lib/rv32im/ilp32\libg.a(lib_a-stdio.o)
                0x0000000000001140                __sseek
 .text.__sclose
                0x00000000000011a8        0x8 c:/users/tobias/appdata/roaming/gnu mcu eclipse/risc-v embedded gcc/8.1.0-2-20181019-0952/bin/../lib/gcc/riscv-none-embed/8.1.0/../../../../riscv-none-embed/lib/rv32im/ilp32\libg.a(lib_a-stdio.o)
                0x00000000000011a8                __sclose
 .text._write_r
                0x00000000000011b0       0x68 c:/users/tobias/appdata/roaming/gnu mcu eclipse/risc-v embedded gcc/8.1.0-2-20181019-0952/bin/../lib/gcc/riscv-none-embed/8.1.0/../../../../riscv-none-embed/lib/rv32im/ilp32\libg.a(lib_a-writer.o)
                0x00000000000011b0                _write_r
 .text._close_r
                0x0000000000001218       0x5c c:/users/tobias/appdata/roaming/gnu mcu eclipse/risc-v embedded gcc/8.1.0-2-20181019-0952/bin/../lib/gcc/riscv-none-embed/8.1.0/../../../../riscv-none-embed/lib/rv32im/ilp32\libg.a(lib_a-closer.o)
                0x0000000000001218                _close_r
 .text._fclose_r
                0x0000000000001274      0x18c c:/users/tobias/appdata/roaming/gnu mcu eclipse/risc-v embedded gcc/8.1.0-2-20181019-0952/bin/../lib/gcc/riscv-none-embed/8.1.0/../../../../riscv-none-embed/lib/rv32im/ilp32\libg.a(lib_a-fclose.o)
                0x0000000000001274                _fclose_r
 .text.__sflush_r
                0x0000000000001400      0x25c c:/users/tobias/appdata/roaming/gnu mcu eclipse/risc-v embedded gcc/8.1.0-2-20181019-0952/bin/../lib/gcc/riscv-none-embed/8.1.0/../../../../riscv-none-embed/lib/rv32im/ilp32\libg.a(lib_a-fflush.o)
                0x0000000000001400                __sflush_r
 .text._fflush_r
                0x000000000000165c       0xe0 c:/users/tobias/appdata/roaming/gnu mcu eclipse/risc-v embedded gcc/8.1.0-2-20181019-0952/bin/../lib/gcc/riscv-none-embed/8.1.0/../../../../riscv-none-embed/lib/rv32im/ilp32\libg.a(lib_a-fflush.o)
                0x000000000000165c                _fflush_r
 .text.fflush   0x000000000000173c       0x30 c:/users/tobias/appdata/roaming/gnu mcu eclipse/risc-v embedded gcc/8.1.0-2-20181019-0952/bin/../lib/gcc/riscv-none-embed/8.1.0/../../../../riscv-none-embed/lib/rv32im/ilp32\libg.a(lib_a-fflush.o)
                0x000000000000173c                fflush
 .text._malloc_trim_r
                0x000000000000176c      0x13c c:/users/tobias/appdata/roaming/gnu mcu eclipse/risc-v embedded gcc/8.1.0-2-20181019-0952/bin/../lib/gcc/riscv-none-embed/8.1.0/../../../../riscv-none-embed/lib/rv32im/ilp32\libg.a(lib_a-freer.o)
                0x000000000000176c                _malloc_trim_r
 .text._free_r  0x00000000000018a8      0x320 c:/users/tobias/appdata/roaming/gnu mcu eclipse/risc-v embedded gcc/8.1.0-2-20181019-0952/bin/../lib/gcc/riscv-none-embed/8.1.0/../../../../riscv-none-embed/lib/rv32im/ilp32\libg.a(lib_a-freer.o)
                0x00000000000018a8                _free_r
 .text._lseek_r
                0x0000000000001bc8       0x68 c:/users/tobias/appdata/roaming/gnu mcu eclipse/risc-v embedded gcc/8.1.0-2-20181019-0952/bin/../lib/gcc/riscv-none-embed/8.1.0/../../../../riscv-none-embed/lib/rv32im/ilp32\libg.a(lib_a-lseekr.o)
                0x0000000000001bc8                _lseek_r
 .text.__swhatbuf_r
                0x0000000000001c30       0xd0 c:/users/tobias/appdata/roaming/gnu mcu eclipse/risc-v embedded gcc/8.1.0-2-20181019-0952/bin/../lib/gcc/riscv-none-embed/8.1.0/../../../../riscv-none-embed/lib/rv32im/ilp32\libg.a(lib_a-makebuf.o)
                0x0000000000001c30                __swhatbuf_r
 .text.__smakebuf_r
                0x0000000000001d00      0x120 c:/users/tobias/appdata/roaming/gnu mcu eclipse/risc-v embedded gcc/8.1.0-2-20181019-0952/bin/../lib/gcc/riscv-none-embed/8.1.0/../../../../riscv-none-embed/lib/rv32im/ilp32\libg.a(lib_a-makebuf.o)
                0x0000000000001d00                __smakebuf_r
 .text._read_r  0x0000000000001e20       0x68 c:/users/tobias/appdata/roaming/gnu mcu eclipse/risc-v embedded gcc/8.1.0-2-20181019-0952/bin/../lib/gcc/riscv-none-embed/8.1.0/../../../../riscv-none-embed/lib/rv32im/ilp32\libg.a(lib_a-readr.o)
                0x0000000000001e20                _read_r
 .text._fstat_r
                0x0000000000001e88       0x64 c:/users/tobias/appdata/roaming/gnu mcu eclipse/risc-v embedded gcc/8.1.0-2-20181019-0952/bin/../lib/gcc/riscv-none-embed/8.1.0/../../../../riscv-none-embed/lib/rv32im/ilp32\libg.a(lib_a-fstatr.o)
                0x0000000000001e88                _fstat_r
 .text._isatty_r
                0x0000000000001eec       0x5c c:/users/tobias/appdata/roaming/gnu mcu eclipse/risc-v embedded gcc/8.1.0-2-20181019-0952/bin/../lib/gcc/riscv-none-embed/8.1.0/../../../../riscv-none-embed/lib/rv32im/ilp32\libg.a(lib_a-isattyr.o)
                0x0000000000001eec                _isatty_r
 .text._close   0x0000000000001f48       0x14 c:/users/tobias/appdata/roaming/gnu mcu eclipse/risc-v embedded gcc/8.1.0-2-20181019-0952/bin/../lib/gcc/riscv-none-embed/8.1.0/../../../../riscv-none-embed/lib/rv32im/ilp32\libnosys.a(close.o)
                0x0000000000001f48                _close
 .text._fstat   0x0000000000001f5c       0x14 c:/users/tobias/appdata/roaming/gnu mcu eclipse/risc-v embedded gcc/8.1.0-2-20181019-0952/bin/../lib/gcc/riscv-none-embed/8.1.0/../../../../riscv-none-embed/lib/rv32im/ilp32\libnosys.a(fstat.o)
                0x0000000000001f5c                _fstat
 .text._isatty  0x0000000000001f70       0x14 c:/users/tobias/appdata/roaming/gnu mcu eclipse/risc-v embedded gcc/8.1.0-2-20181019-0952/bin/../lib/gcc/riscv-none-embed/8.1.0/../../../../riscv-none-embed/lib/rv32im/ilp32\libnosys.a(isatty.o)
                0x0000000000001f70                _isatty
 .text._lseek   0x0000000000001f84       0x14 c:/users/tobias/appdata/roaming/gnu mcu eclipse/risc-v embedded gcc/8.1.0-2-20181019-0952/bin/../lib/gcc/riscv-none-embed/8.1.0/../../../../riscv-none-embed/lib/rv32im/ilp32\libnosys.a(lseek.o)
                0x0000000000001f84                _lseek
 .text._read    0x0000000000001f98       0x14 c:/users/tobias/appdata/roaming/gnu mcu eclipse/risc-v embedded gcc/8.1.0-2-20181019-0952/bin/../lib/gcc/riscv-none-embed/8.1.0/../../../../riscv-none-embed/lib/rv32im/ilp32\libnosys.a(read.o)
                0x0000000000001f98                _read
 .text._sbrk    0x0000000000001fac       0x40 c:/users/tobias/appdata/roaming/gnu mcu eclipse/risc-v embedded gcc/8.1.0-2-20181019-0952/bin/../lib/gcc/riscv-none-embed/8.1.0/../../../../riscv-none-embed/lib/rv32im/ilp32\libnosys.a(sbrk.o)
                0x0000000000001fac                _sbrk
 .text._write   0x0000000000001fec       0x14 c:/users/tobias/appdata/roaming/gnu mcu eclipse/risc-v embedded gcc/8.1.0-2-20181019-0952/bin/../lib/gcc/riscv-none-embed/8.1.0/../../../../riscv-none-embed/lib/rv32im/ilp32\libnosys.a(write.o)
                0x0000000000001fec                _write
                0x0000000000002000                __text_end = ALIGN (0x4)

.rela.dyn       0x0000000000002000        0x0
 .rela.init     0x0000000000002000        0x0 ./main.o
 .rela.text.__sinit
                0x0000000000002000        0x0 ./main.o
 .rela.text.__sfp_lock_acquire
                0x0000000000002000        0x0 ./main.o
 .rela.text.__sfp_lock_release
                0x0000000000002000        0x0 ./main.o
 .rela.text.__malloc_lock
                0x0000000000002000        0x0 ./main.o
 .rela.text.__malloc_unlock
                0x0000000000002000        0x0 ./main.o
 .rela.text._sbrk_r
                0x0000000000002000        0x0 ./main.o
 .rela.text._write_r
                0x0000000000002000        0x0 ./main.o
 .rela.text._close_r
                0x0000000000002000        0x0 ./main.o
 .rela.text._lseek_r
                0x0000000000002000        0x0 ./main.o
 .rela.text._read_r
                0x0000000000002000        0x0 ./main.o
 .rela.text._fstat_r
                0x0000000000002000        0x0 ./main.o
 .rela.text._isatty_r
                0x0000000000002000        0x0 ./main.o
 .rela.text._close
                0x0000000000002000        0x0 ./main.o
 .rela.text._fstat
                0x0000000000002000        0x0 ./main.o
 .rela.text._isatty
                0x0000000000002000        0x0 ./main.o
 .rela.text._lseek
                0x0000000000002000        0x0 ./main.o
 .rela.text._read
                0x0000000000002000        0x0 ./main.o
 .rela.text._sbrk
                0x0000000000002000        0x0 ./main.o
 .rela.text._write
                0x0000000000002000        0x0 ./main.o

.data           0x0000000002000000      0x844
                0x0000000002000000                __data_begin = .
 *(.rodata*)
 *(.data*)
 .data.impure_data
                0x0000000002000000      0x428 c:/users/tobias/appdata/roaming/gnu mcu eclipse/risc-v embedded gcc/8.1.0-2-20181019-0952/bin/../lib/gcc/riscv-none-embed/8.1.0/../../../../riscv-none-embed/lib/rv32im/ilp32\libg.a(lib_a-impure.o)
 .data.__malloc_av_
                0x0000000002000428      0x408 c:/users/tobias/appdata/roaming/gnu mcu eclipse/risc-v embedded gcc/8.1.0-2-20181019-0952/bin/../lib/gcc/riscv-none-embed/8.1.0/../../../../riscv-none-embed/lib/rv32im/ilp32\libg.a(lib_a-mallocr.o)
                0x0000000002000428                __malloc_av_
 *(.sdata*)
 .sdata.screen  0x0000000002000830        0x4 ./main.o
                0x0000000002000830                screen
 .sdata._impure_ptr
                0x0000000002000834        0x4 c:/users/tobias/appdata/roaming/gnu mcu eclipse/risc-v embedded gcc/8.1.0-2-20181019-0952/bin/../lib/gcc/riscv-none-embed/8.1.0/../../../../riscv-none-embed/lib/rv32im/ilp32\libg.a(lib_a-impure.o)
                0x0000000002000834                _impure_ptr
 .sdata2._global_impure_ptr
                0x0000000002000838        0x4 c:/users/tobias/appdata/roaming/gnu mcu eclipse/risc-v embedded gcc/8.1.0-2-20181019-0952/bin/../lib/gcc/riscv-none-embed/8.1.0/../../../../riscv-none-embed/lib/rv32im/ilp32\libg.a(lib_a-impure.o)
                0x0000000002000838                _global_impure_ptr
 .sdata.__malloc_sbrk_base
                0x000000000200083c        0x4 c:/users/tobias/appdata/roaming/gnu mcu eclipse/risc-v embedded gcc/8.1.0-2-20181019-0952/bin/../lib/gcc/riscv-none-embed/8.1.0/../../../../riscv-none-embed/lib/rv32im/ilp32\libg.a(lib_a-mallocr.o)
                0x000000000200083c                __malloc_sbrk_base
 .sdata.__malloc_trim_threshold
                0x0000000002000840        0x4 c:/users/tobias/appdata/roaming/gnu mcu eclipse/risc-v embedded gcc/8.1.0-2-20181019-0952/bin/../lib/gcc/riscv-none-embed/8.1.0/../../../../riscv-none-embed/lib/rv32im/ilp32\libg.a(lib_a-mallocr.o)
                0x0000000002000840                __malloc_trim_threshold
 *(.eh_frame*)
                0x0000000002000844                __data_end = ALIGN (0x4)

.bss            0x0000000002000844       0x50
                0x0000000002000844                __bss_begin = .
 *(.bss*)
 .bss.__malloc_current_mallinfo
                0x0000000002000844       0x28 c:/users/tobias/appdata/roaming/gnu mcu eclipse/risc-v embedded gcc/8.1.0-2-20181019-0952/bin/../lib/gcc/riscv-none-embed/8.1.0/../../../../riscv-none-embed/lib/rv32im/ilp32\libg.a(lib_a-mallocr.o)
                0x0000000002000844                __malloc_current_mallinfo
 *(.sbss)
 *(COMMON)
 COMMON         0x000000000200086c       0x21 c:/users/tobias/appdata/roaming/gnu mcu eclipse/risc-v embedded gcc/8.1.0-2-20181019-0952/bin/../lib/gcc/riscv-none-embed/8.1.0/../../../../riscv-none-embed/lib/rv32im/ilp32\libg.a(lib_a-lock.o)
                0x000000000200086c                __lock___atexit_recursive_mutex
                0x0000000002000870                __lock___arc4random_mutex
                0x0000000002000874                __lock___env_recursive_mutex
                0x0000000002000878                __lock___sinit_recursive_mutex
                0x000000000200087c                __lock___malloc_recursive_mutex
                0x0000000002000880                __lock___at_quick_exit_mutex
                0x0000000002000884                __lock___dd_hash_mutex
                0x0000000002000888                __lock___tz_mutex
                0x000000000200088c                __lock___sfp_recursive_mutex
 *fill*         0x000000000200088d        0x3 
 COMMON         0x0000000002000890        0x4 c:/users/tobias/appdata/roaming/gnu mcu eclipse/risc-v embedded gcc/8.1.0-2-20181019-0952/bin/../lib/gcc/riscv-none-embed/8.1.0/../../../../riscv-none-embed/lib/rv32im/ilp32\libg.a(lib_a-reent.o)
                0x0000000002000890                errno
                0x0000000002000894                __bss_end = ALIGN (0x4)
                0x0000000002004000                __stack_top = (ORIGIN (RAM) + LENGTH (RAM))
                0x0000000002000894                end = .

.sbss.__malloc_max_sbrked_mem
                0x0000000002000894        0x4
 .sbss.__malloc_max_sbrked_mem
                0x0000000002000894        0x4 c:/users/tobias/appdata/roaming/gnu mcu eclipse/risc-v embedded gcc/8.1.0-2-20181019-0952/bin/../lib/gcc/riscv-none-embed/8.1.0/../../../../riscv-none-embed/lib/rv32im/ilp32\libg.a(lib_a-mallocr.o)
                0x0000000002000894                __malloc_max_sbrked_mem

.sbss.__malloc_max_total_mem
                0x0000000002000898        0x4
 .sbss.__malloc_max_total_mem
                0x0000000002000898        0x4 c:/users/tobias/appdata/roaming/gnu mcu eclipse/risc-v embedded gcc/8.1.0-2-20181019-0952/bin/../lib/gcc/riscv-none-embed/8.1.0/../../../../riscv-none-embed/lib/rv32im/ilp32\libg.a(lib_a-mallocr.o)
                0x0000000002000898                __malloc_max_total_mem

.sbss.__malloc_top_pad
                0x000000000200089c        0x4
 .sbss.__malloc_top_pad
                0x000000000200089c        0x4 c:/users/tobias/appdata/roaming/gnu mcu eclipse/risc-v embedded gcc/8.1.0-2-20181019-0952/bin/../lib/gcc/riscv-none-embed/8.1.0/../../../../riscv-none-embed/lib/rv32im/ilp32\libg.a(lib_a-mallocr.o)
                0x000000000200089c                __malloc_top_pad

.sbss.heap_end.1518
                0x00000000020008a0        0x4
 .sbss.heap_end.1518
                0x00000000020008a0        0x4 c:/users/tobias/appdata/roaming/gnu mcu eclipse/risc-v embedded gcc/8.1.0-2-20181019-0952/bin/../lib/gcc/riscv-none-embed/8.1.0/../../../../riscv-none-embed/lib/rv32im/ilp32\libnosys.a(sbrk.o)

/DISCARD/
 *(.comment)
OUTPUT(Mandelbrot.elf elf32-littleriscv)

.debug_frame    0x0000000000000000      0xa70
 .debug_frame   0x0000000000000000       0x30 c:/users/tobias/appdata/roaming/gnu mcu eclipse/risc-v embedded gcc/8.1.0-2-20181019-0952/bin/../lib/gcc/riscv-none-embed/8.1.0/../../../../riscv-none-embed/lib/rv32im/ilp32\libg.a(lib_a-getchar.o)
 .debug_frame   0x0000000000000030       0x78 c:/users/tobias/appdata/roaming/gnu mcu eclipse/risc-v embedded gcc/8.1.0-2-20181019-0952/bin/../lib/gcc/riscv-none-embed/8.1.0/../../../../riscv-none-embed/lib/rv32im/ilp32\libg.a(lib_a-getc.o)
 .debug_frame   0x00000000000000a8       0xb0 c:/users/tobias/appdata/roaming/gnu mcu eclipse/risc-v embedded gcc/8.1.0-2-20181019-0952/bin/../lib/gcc/riscv-none-embed/8.1.0/../../../../riscv-none-embed/lib/rv32im/ilp32\libg.a(lib_a-lock.o)
 .debug_frame   0x0000000000000158       0x48 c:/users/tobias/appdata/roaming/gnu mcu eclipse/risc-v embedded gcc/8.1.0-2-20181019-0952/bin/../lib/gcc/riscv-none-embed/8.1.0/../../../../riscv-none-embed/lib/rv32im/ilp32\libg.a(lib_a-rget.o)
 .debug_frame   0x00000000000001a0      0x180 c:/users/tobias/appdata/roaming/gnu mcu eclipse/risc-v embedded gcc/8.1.0-2-20181019-0952/bin/../lib/gcc/riscv-none-embed/8.1.0/../../../../riscv-none-embed/lib/rv32im/ilp32\libg.a(lib_a-findfp.o)
 .debug_frame   0x0000000000000320       0x8c c:/users/tobias/appdata/roaming/gnu mcu eclipse/risc-v embedded gcc/8.1.0-2-20181019-0952/bin/../lib/gcc/riscv-none-embed/8.1.0/../../../../riscv-none-embed/lib/rv32im/ilp32\libg.a(lib_a-fwalk.o)
 .debug_frame   0x00000000000003ac       0x58 c:/users/tobias/appdata/roaming/gnu mcu eclipse/risc-v embedded gcc/8.1.0-2-20181019-0952/bin/../lib/gcc/riscv-none-embed/8.1.0/../../../../riscv-none-embed/lib/rv32im/ilp32\libg.a(lib_a-mallocr.o)
 .debug_frame   0x0000000000000404       0x30 c:/users/tobias/appdata/roaming/gnu mcu eclipse/risc-v embedded gcc/8.1.0-2-20181019-0952/bin/../lib/gcc/riscv-none-embed/8.1.0/../../../../riscv-none-embed/lib/rv32im/ilp32\libg.a(lib_a-mlock.o)
 .debug_frame   0x0000000000000434       0x60 c:/users/tobias/appdata/roaming/gnu mcu eclipse/risc-v embedded gcc/8.1.0-2-20181019-0952/bin/../lib/gcc/riscv-none-embed/8.1.0/../../../../riscv-none-embed/lib/rv32im/ilp32\libg.a(lib_a-refill.o)
 .debug_frame   0x0000000000000494       0x3c c:/users/tobias/appdata/roaming/gnu mcu eclipse/risc-v embedded gcc/8.1.0-2-20181019-0952/bin/../lib/gcc/riscv-none-embed/8.1.0/../../../../riscv-none-embed/lib/rv32im/ilp32\libg.a(lib_a-sbrkr.o)
 .debug_frame   0x00000000000004d0       0xb8 c:/users/tobias/appdata/roaming/gnu mcu eclipse/risc-v embedded gcc/8.1.0-2-20181019-0952/bin/../lib/gcc/riscv-none-embed/8.1.0/../../../../riscv-none-embed/lib/rv32im/ilp32\libg.a(lib_a-stdio.o)
 .debug_frame   0x0000000000000588       0x3c c:/users/tobias/appdata/roaming/gnu mcu eclipse/risc-v embedded gcc/8.1.0-2-20181019-0952/bin/../lib/gcc/riscv-none-embed/8.1.0/../../../../riscv-none-embed/lib/rv32im/ilp32\libg.a(lib_a-writer.o)
 .debug_frame   0x00000000000005c4       0x3c c:/users/tobias/appdata/roaming/gnu mcu eclipse/risc-v embedded gcc/8.1.0-2-20181019-0952/bin/../lib/gcc/riscv-none-embed/8.1.0/../../../../riscv-none-embed/lib/rv32im/ilp32\libg.a(lib_a-closer.o)
 .debug_frame   0x0000000000000600       0x68 c:/users/tobias/appdata/roaming/gnu mcu eclipse/risc-v embedded gcc/8.1.0-2-20181019-0952/bin/../lib/gcc/riscv-none-embed/8.1.0/../../../../riscv-none-embed/lib/rv32im/ilp32\libg.a(lib_a-fclose.o)
 .debug_frame   0x0000000000000668       0x9c c:/users/tobias/appdata/roaming/gnu mcu eclipse/risc-v embedded gcc/8.1.0-2-20181019-0952/bin/../lib/gcc/riscv-none-embed/8.1.0/../../../../riscv-none-embed/lib/rv32im/ilp32\libg.a(lib_a-fflush.o)
 .debug_frame   0x0000000000000704       0x9c c:/users/tobias/appdata/roaming/gnu mcu eclipse/risc-v embedded gcc/8.1.0-2-20181019-0952/bin/../lib/gcc/riscv-none-embed/8.1.0/../../../../riscv-none-embed/lib/rv32im/ilp32\libg.a(lib_a-freer.o)
 .debug_frame   0x00000000000007a0       0x3c c:/users/tobias/appdata/roaming/gnu mcu eclipse/risc-v embedded gcc/8.1.0-2-20181019-0952/bin/../lib/gcc/riscv-none-embed/8.1.0/../../../../riscv-none-embed/lib/rv32im/ilp32\libg.a(lib_a-lseekr.o)
 .debug_frame   0x00000000000007dc       0x90 c:/users/tobias/appdata/roaming/gnu mcu eclipse/risc-v embedded gcc/8.1.0-2-20181019-0952/bin/../lib/gcc/riscv-none-embed/8.1.0/../../../../riscv-none-embed/lib/rv32im/ilp32\libg.a(lib_a-makebuf.o)
 .debug_frame   0x000000000000086c       0x3c c:/users/tobias/appdata/roaming/gnu mcu eclipse/risc-v embedded gcc/8.1.0-2-20181019-0952/bin/../lib/gcc/riscv-none-embed/8.1.0/../../../../riscv-none-embed/lib/rv32im/ilp32\libg.a(lib_a-readr.o)
 .debug_frame   0x00000000000008a8       0x70 c:/users/tobias/appdata/roaming/gnu mcu eclipse/risc-v embedded gcc/8.1.0-2-20181019-0952/bin/../lib/gcc/riscv-none-embed/8.1.0/../../../../riscv-none-embed/lib/rv32im/ilp32\libg.a(lib_a-reent.o)
 .debug_frame   0x0000000000000918       0x3c c:/users/tobias/appdata/roaming/gnu mcu eclipse/risc-v embedded gcc/8.1.0-2-20181019-0952/bin/../lib/gcc/riscv-none-embed/8.1.0/../../../../riscv-none-embed/lib/rv32im/ilp32\libg.a(lib_a-fstatr.o)
 .debug_frame   0x0000000000000954       0x3c c:/users/tobias/appdata/roaming/gnu mcu eclipse/risc-v embedded gcc/8.1.0-2-20181019-0952/bin/../lib/gcc/riscv-none-embed/8.1.0/../../../../riscv-none-embed/lib/rv32im/ilp32\libg.a(lib_a-isattyr.o)
 .debug_frame   0x0000000000000990       0x20 c:/users/tobias/appdata/roaming/gnu mcu eclipse/risc-v embedded gcc/8.1.0-2-20181019-0952/bin/../lib/gcc/riscv-none-embed/8.1.0/../../../../riscv-none-embed/lib/rv32im/ilp32\libnosys.a(close.o)
 .debug_frame   0x00000000000009b0       0x20 c:/users/tobias/appdata/roaming/gnu mcu eclipse/risc-v embedded gcc/8.1.0-2-20181019-0952/bin/../lib/gcc/riscv-none-embed/8.1.0/../../../../riscv-none-embed/lib/rv32im/ilp32\libnosys.a(fstat.o)
 .debug_frame   0x00000000000009d0       0x20 c:/users/tobias/appdata/roaming/gnu mcu eclipse/risc-v embedded gcc/8.1.0-2-20181019-0952/bin/../lib/gcc/riscv-none-embed/8.1.0/../../../../riscv-none-embed/lib/rv32im/ilp32\libnosys.a(isatty.o)
 .debug_frame   0x00000000000009f0       0x20 c:/users/tobias/appdata/roaming/gnu mcu eclipse/risc-v embedded gcc/8.1.0-2-20181019-0952/bin/../lib/gcc/riscv-none-embed/8.1.0/../../../../riscv-none-embed/lib/rv32im/ilp32\libnosys.a(lseek.o)
 .debug_frame   0x0000000000000a10       0x20 c:/users/tobias/appdata/roaming/gnu mcu eclipse/risc-v embedded gcc/8.1.0-2-20181019-0952/bin/../lib/gcc/riscv-none-embed/8.1.0/../../../../riscv-none-embed/lib/rv32im/ilp32\libnosys.a(read.o)
 .debug_frame   0x0000000000000a30       0x20 c:/users/tobias/appdata/roaming/gnu mcu eclipse/risc-v embedded gcc/8.1.0-2-20181019-0952/bin/../lib/gcc/riscv-none-embed/8.1.0/../../../../riscv-none-embed/lib/rv32im/ilp32\libnosys.a(sbrk.o)
 .debug_frame   0x0000000000000a50       0x20 c:/users/tobias/appdata/roaming/gnu mcu eclipse/risc-v embedded gcc/8.1.0-2-20181019-0952/bin/../lib/gcc/riscv-none-embed/8.1.0/../../../../riscv-none-embed/lib/rv32im/ilp32\libnosys.a(write.o)

.stab           0x0000000000000000       0x9c
 .stab          0x0000000000000000       0x24 c:/users/tobias/appdata/roaming/gnu mcu eclipse/risc-v embedded gcc/8.1.0-2-20181019-0952/bin/../lib/gcc/riscv-none-embed/8.1.0/../../../../riscv-none-embed/lib/rv32im/ilp32\libnosys.a(close.o)
 .stab          0x0000000000000024       0x18 c:/users/tobias/appdata/roaming/gnu mcu eclipse/risc-v embedded gcc/8.1.0-2-20181019-0952/bin/../lib/gcc/riscv-none-embed/8.1.0/../../../../riscv-none-embed/lib/rv32im/ilp32\libnosys.a(fstat.o)
                                         0x24 (size before relaxing)
 .stab          0x000000000000003c       0x18 c:/users/tobias/appdata/roaming/gnu mcu eclipse/risc-v embedded gcc/8.1.0-2-20181019-0952/bin/../lib/gcc/riscv-none-embed/8.1.0/../../../../riscv-none-embed/lib/rv32im/ilp32\libnosys.a(isatty.o)
                                         0x24 (size before relaxing)
 .stab          0x0000000000000054       0x18 c:/users/tobias/appdata/roaming/gnu mcu eclipse/risc-v embedded gcc/8.1.0-2-20181019-0952/bin/../lib/gcc/riscv-none-embed/8.1.0/../../../../riscv-none-embed/lib/rv32im/ilp32\libnosys.a(lseek.o)
                                         0x24 (size before relaxing)
 .stab          0x000000000000006c       0x18 c:/users/tobias/appdata/roaming/gnu mcu eclipse/risc-v embedded gcc/8.1.0-2-20181019-0952/bin/../lib/gcc/riscv-none-embed/8.1.0/../../../../riscv-none-embed/lib/rv32im/ilp32\libnosys.a(read.o)
                                         0x24 (size before relaxing)
 .stab          0x0000000000000084       0x18 c:/users/tobias/appdata/roaming/gnu mcu eclipse/risc-v embedded gcc/8.1.0-2-20181019-0952/bin/../lib/gcc/riscv-none-embed/8.1.0/../../../../riscv-none-embed/lib/rv32im/ilp32\libnosys.a(write.o)
                                         0x24 (size before relaxing)

.stabstr        0x0000000000000000      0x14d
 .stabstr       0x0000000000000000      0x14d c:/users/tobias/appdata/roaming/gnu mcu eclipse/risc-v embedded gcc/8.1.0-2-20181019-0952/bin/../lib/gcc/riscv-none-embed/8.1.0/../../../../riscv-none-embed/lib/rv32im/ilp32\libnosys.a(close.o)
